Archive member included to satisfy reference by file (symbol)

C:/ST/STM32CubeIDE_1.13.1/STM32CubeIDE/plugins/com.st.stm32cube.ide.mcu.externaltools.gnu-tools-for-stm32.11.3.rel1.win32_1.1.0.202305231506/tools/bin/../lib/gcc/arm-none-eabi/11.3.1/../../../../arm-none-eabi/lib/thumb/v7e-m+fp/hard\libc_nano.a(libc_a-exit.o)
                              C:/ST/STM32CubeIDE_1.13.1/STM32CubeIDE/plugins/com.st.stm32cube.ide.mcu.externaltools.gnu-tools-for-stm32.11.3.rel1.win32_1.1.0.202305231506/tools/bin/../lib/gcc/arm-none-eabi/11.3.1/../../../../arm-none-eabi/lib/thumb/v7e-m+fp/hard/crt0.o (exit)
C:/ST/STM32CubeIDE_1.13.1/STM32CubeIDE/plugins/com.st.stm32cube.ide.mcu.externaltools.gnu-tools-for-stm32.11.3.rel1.win32_1.1.0.202305231506/tools/bin/../lib/gcc/arm-none-eabi/11.3.1/../../../../arm-none-eabi/lib/thumb/v7e-m+fp/hard\libc_nano.a(libc_a-findfp.o)
                              ./Middlewares/Third_Party/FreeRTOS/Source/tasks.o (__sf)
C:/ST/STM32CubeIDE_1.13.1/STM32CubeIDE/plugins/com.st.stm32cube.ide.mcu.externaltools.gnu-tools-for-stm32.11.3.rel1.win32_1.1.0.202305231506/tools/bin/../lib/gcc/arm-none-eabi/11.3.1/../../../../arm-none-eabi/lib/thumb/v7e-m+fp/hard\libc_nano.a(libc_a-fwalk.o)
                              C:/ST/STM32CubeIDE_1.13.1/STM32CubeIDE/plugins/com.st.stm32cube.ide.mcu.externaltools.gnu-tools-for-stm32.11.3.rel1.win32_1.1.0.202305231506/tools/bin/../lib/gcc/arm-none-eabi/11.3.1/../../../../arm-none-eabi/lib/thumb/v7e-m+fp/hard\libc_nano.a(libc_a-findfp.o) (_fwalk_sglue)
C:/ST/STM32CubeIDE_1.13.1/STM32CubeIDE/plugins/com.st.stm32cube.ide.mcu.externaltools.gnu-tools-for-stm32.11.3.rel1.win32_1.1.0.202305231506/tools/bin/../lib/gcc/arm-none-eabi/11.3.1/../../../../arm-none-eabi/lib/thumb/v7e-m+fp/hard\libc_nano.a(libc_a-stdio.o)
                              C:/ST/STM32CubeIDE_1.13.1/STM32CubeIDE/plugins/com.st.stm32cube.ide.mcu.externaltools.gnu-tools-for-stm32.11.3.rel1.win32_1.1.0.202305231506/tools/bin/../lib/gcc/arm-none-eabi/11.3.1/../../../../arm-none-eabi/lib/thumb/v7e-m+fp/hard\libc_nano.a(libc_a-findfp.o) (__sread)
C:/ST/STM32CubeIDE_1.13.1/STM32CubeIDE/plugins/com.st.stm32cube.ide.mcu.externaltools.gnu-tools-for-stm32.11.3.rel1.win32_1.1.0.202305231506/tools/bin/../lib/gcc/arm-none-eabi/11.3.1/../../../../arm-none-eabi/lib/thumb/v7e-m+fp/hard\libc_nano.a(libc_a-memset.o)
                              C:/ST/STM32CubeIDE_1.13.1/STM32CubeIDE/plugins/com.st.stm32cube.ide.mcu.externaltools.gnu-tools-for-stm32.11.3.rel1.win32_1.1.0.202305231506/tools/bin/../lib/gcc/arm-none-eabi/11.3.1/../../../../arm-none-eabi/lib/thumb/v7e-m+fp/hard/crt0.o (memset)
C:/ST/STM32CubeIDE_1.13.1/STM32CubeIDE/plugins/com.st.stm32cube.ide.mcu.externaltools.gnu-tools-for-stm32.11.3.rel1.win32_1.1.0.202305231506/tools/bin/../lib/gcc/arm-none-eabi/11.3.1/../../../../arm-none-eabi/lib/thumb/v7e-m+fp/hard\libc_nano.a(libc_a-closer.o)
                              C:/ST/STM32CubeIDE_1.13.1/STM32CubeIDE/plugins/com.st.stm32cube.ide.mcu.externaltools.gnu-tools-for-stm32.11.3.rel1.win32_1.1.0.202305231506/tools/bin/../lib/gcc/arm-none-eabi/11.3.1/../../../../arm-none-eabi/lib/thumb/v7e-m+fp/hard\libc_nano.a(libc_a-stdio.o) (_close_r)
C:/ST/STM32CubeIDE_1.13.1/STM32CubeIDE/plugins/com.st.stm32cube.ide.mcu.externaltools.gnu-tools-for-stm32.11.3.rel1.win32_1.1.0.202305231506/tools/bin/../lib/gcc/arm-none-eabi/11.3.1/../../../../arm-none-eabi/lib/thumb/v7e-m+fp/hard\libc_nano.a(libc_a-reent.o)
                              ./Middlewares/Third_Party/FreeRTOS/Source/tasks.o (_reclaim_reent)
C:/ST/STM32CubeIDE_1.13.1/STM32CubeIDE/plugins/com.st.stm32cube.ide.mcu.externaltools.gnu-tools-for-stm32.11.3.rel1.win32_1.1.0.202305231506/tools/bin/../lib/gcc/arm-none-eabi/11.3.1/../../../../arm-none-eabi/lib/thumb/v7e-m+fp/hard\libc_nano.a(libc_a-impure.o)
                              ./Middlewares/Third_Party/FreeRTOS/Source/tasks.o (_impure_ptr)
C:/ST/STM32CubeIDE_1.13.1/STM32CubeIDE/plugins/com.st.stm32cube.ide.mcu.externaltools.gnu-tools-for-stm32.11.3.rel1.win32_1.1.0.202305231506/tools/bin/../lib/gcc/arm-none-eabi/11.3.1/../../../../arm-none-eabi/lib/thumb/v7e-m+fp/hard\libc_nano.a(libc_a-lseekr.o)
                              C:/ST/STM32CubeIDE_1.13.1/STM32CubeIDE/plugins/com.st.stm32cube.ide.mcu.externaltools.gnu-tools-for-stm32.11.3.rel1.win32_1.1.0.202305231506/tools/bin/../lib/gcc/arm-none-eabi/11.3.1/../../../../arm-none-eabi/lib/thumb/v7e-m+fp/hard\libc_nano.a(libc_a-stdio.o) (_lseek_r)
C:/ST/STM32CubeIDE_1.13.1/STM32CubeIDE/plugins/com.st.stm32cube.ide.mcu.externaltools.gnu-tools-for-stm32.11.3.rel1.win32_1.1.0.202305231506/tools/bin/../lib/gcc/arm-none-eabi/11.3.1/../../../../arm-none-eabi/lib/thumb/v7e-m+fp/hard\libc_nano.a(libc_a-readr.o)
[...]
Memory Configuration

Name             Origin             Length             Attributes
CCMRAM           0x0000000010000000 0x0000000000010000 xrw
RAM              0x0000000020000000 0x0000000000030000 xrw
FLASH            0x0000000008000000 0x0000000000200000 xr
*default*        0x0000000000000000 0xffffffffffffffff

Linker script and memory map

LOAD C:/ST/STM32CubeIDE_1.13.1/STM32CubeIDE/plugins/com.st.stm32cube.ide.mcu.externaltools.gnu-tools-for-stm32.11.3.rel1.win32_1.1.0.202305231506/tools/bin/../lib/gcc/arm-none-eabi/11.3.1/thumb/v7e-m+fp/hard/crti.o
LOAD C:/ST/STM32CubeIDE_1.13.1/STM32CubeIDE/plugins/com.st.stm32cube.ide.mcu.externaltools.gnu-tools-for-stm32.11.3.rel1.win32_1.1.0.202305231506/tools/bin/../lib/gcc/arm-none-eabi/11.3.1/thumb/v7e-m+fp/hard/crtbegin.o
LOAD C:/ST/STM32CubeIDE_1.13.1/STM32CubeIDE/plugins/com.st.stm32cube.ide.mcu.externaltools.gnu-tools-for-stm32.11.3.rel1.win32_1.1.0.202305231506/tools/bin/../lib/gcc/arm-none-eabi/11.3.1/../../../../arm-none-eabi/lib/thumb/v7e-m+fp/hard/crt0.o
LOAD ./Core/Src/LoRa.o
LOAD ./Core/Src/LoRa_i.o
LOAD ./Core/Src/LoRa_ii.o
LOAD ./Core/Src/LoRa_iii.o
LOAD ./Core/Src/freertos.o
LOAD ./Core/Src/main.o
LOAD ./Core/Src/stm32f4xx_hal_msp.o
LOAD ./Core/Src/stm32f4xx_hal_timebase_tim.o
LOAD ./Core/Src/stm32f4xx_it.o
LOAD ./Core/Src/syscalls.o
LOAD ./Core/Src/sysmem.o
LOAD ./Core/Src/system_stm32f4xx.o
LOAD ./Core/Startup/startup_stm32f429zitx.o
LOAD ./Drivers/STM32F4xx_HAL_Driver/Src/stm32f4xx_hal.o
LOAD ./Drivers/STM32F4xx_HAL_Driver/Src/stm32f4xx_hal_cortex.o
LOAD ./Drivers/STM32F4xx_HAL_Driver/Src/stm32f4xx_hal_dma.o
LOAD ./Drivers/STM32F4xx_HAL_Driver/Src/stm32f4xx_hal_dma_ex.o
LOAD ./Drivers/STM32F4xx_HAL_Driver/Src/stm32f4xx_hal_exti.o
LOAD ./Drivers/STM32F4xx_HAL_Driver/Src/stm32f4xx_hal_flash.o
LOAD ./Drivers/STM32F4xx_HAL_Driver/Src/stm32f4xx_hal_flash_ex.o
LOAD ./Drivers/STM32F4xx_HAL_Driver/Src/stm32f4xx_hal_flash_ramfunc.o
LOAD ./Drivers/STM32F4xx_HAL_Driver/Src/stm32f4xx_hal_gpio.o
LOAD ./Drivers/STM32F4xx_HAL_Driver/Src/stm32f4xx_hal_pwr.o
LOAD ./Drivers/STM32F4xx_HAL_Driver/Src/stm32f4xx_hal_pwr_ex.o
LOAD ./Drivers/STM32F4xx_HAL_Driver/Src/stm32f4xx_hal_rcc.o
LOAD ./Drivers/STM32F4xx_HAL_Driver/Src/stm32f4xx_hal_rcc_ex.o
LOAD ./Drivers/STM32F4xx_HAL_Driver/Src/stm32f4xx_hal_spi.o
LOAD ./Drivers/STM32F4xx_HAL_Driver/Src/stm32f4xx_hal_tim.o
LOAD ./Drivers/STM32F4xx_HAL_Driver/Src/stm32f4xx_hal_tim_ex.o
LOAD ./Drivers/STM32F4xx_HAL_Driver/Src/stm32f4xx_hal_uart.o
LOAD ./Middlewares/Third_Party/FreeRTOS/Source/CMSIS_RTOS/cmsis_os.o
LOAD ./Middlewares/Third_Party/FreeRTOS/Source/croutine.o
LOAD ./Middlewares/Third_Party/FreeRTOS/Source/event_groups.o
LOAD ./Middlewares/Third_Party/FreeRTOS/Source/list.o
LOAD ./Middlewares/Third_Party/FreeRTOS/Source/queue.o
LOAD ./Middlewares/Third_Party/FreeRTOS/Source/stream_buffer.o
LOAD ./Middlewares/Third_Party/FreeRTOS/Source/tasks.o
LOAD ./Middlewares/Third_Party/FreeRTOS/Source/timers.o
LOAD ./Middlewares/Third_Party/FreeRTOS/Source/portable/GCC/ARM_CM4F/port.o
LOAD ./Middlewares/Third_Party/FreeRTOS/Source/portable/MemMang/heap_4.o
START GROUP
LOAD C:/ST/STM32CubeIDE_1.13.1/STM32CubeIDE/plugins/com.st.stm32cube.ide.mcu.externaltools.gnu-tools-for-stm32.11.3.rel1.win32_1.1.0.202305231506/tools/bin/../lib/gcc/arm-none-eabi/11.3.1/../../../../arm-none-eabi/lib/thumb/v7e-m+fp/hard\libc_nano.a
LOAD C:/ST/STM32CubeIDE_1.13.1/STM32CubeIDE/plugins/com.st.stm32cube.ide.mcu.externaltools.gnu-tools-for-stm32.11.3.rel1.win32_1.1.0.202305231506/tools/bin/../lib/gcc/arm-none-eabi/11.3.1/../../../../arm-none-eabi/lib/thumb/v7e-m+fp/hard\libm.a
END GROUP
START GROUP
LOAD C:/ST/STM32CubeIDE_1.13.1/STM32CubeIDE/plugins/com.st.stm32cube.ide.mcu.externaltools.gnu-tools-for-stm32.11.3.rel1.win32_1.1.0.202305231506/tools/bin/../lib/gcc/arm-none-eabi/11.3.1/thumb/v7e-m+fp/hard\libgcc.a
LOAD C:/ST/STM32CubeIDE_1.13.1/STM32CubeIDE/plugins/com.st.stm32cube.ide.mcu.externaltools.gnu-tools-for-stm32.11.3.rel1.win32_1.1.0.202305231506/tools/bin/../lib/gcc/arm-none-eabi/11.3.1/../../../../arm-none-eabi/lib/thumb/v7e-m+fp/hard\libc_nano.a
END GROUP
START GROUP
LOAD C:/ST/STM32CubeIDE_1.13.1/STM32CubeIDE/plugins/com.st.stm32cube.ide.mcu.externaltools.gnu-tools-for-stm32.11.3.rel1.win32_1.1.0.202305231506/tools/bin/../lib/gcc/arm-none-eabi/11.3.1/thumb/v7e-m+fp/hard\libgcc.a
LOAD C:/ST/STM32CubeIDE_1.13.1/STM32CubeIDE/plugins/com.st.stm32cube.ide.mcu.externaltools.gnu-tools-for-stm32.11.3.rel1.win32_1.1.0.202305231506/tools/bin/../lib/gcc/arm-none-eabi/11.3.1/../../../../arm-none-eabi/lib/thumb/v7e-m+fp/hard\libc_nano.a
LOAD C:/ST/STM32CubeIDE_1.13.1/STM32CubeIDE/plugins/com.st.stm32cube.ide.mcu.externaltools.gnu-tools-for-stm32.11.3.rel1.win32_1.1.0.202305231506/tools/bin/../lib/gcc/arm-none-eabi/11.3.1/../../../../arm-none-eabi/lib/thumb/v7e-m+fp/hard\libnosys.a
END GROUP
START GROUP
LOAD C:/ST/STM32CubeIDE_1.13.1/STM32CubeIDE/plugins/com.st.stm32cube.ide.mcu.externaltools.gnu-tools-for-stm32.11.3.rel1.win32_1.1.0.202305231506/tools/bin/../lib/gcc/arm-none-eabi/11.3.1/thumb/v7e-m+fp/hard\libgcc.a
LOAD C:/ST/STM32CubeIDE_1.13.1/STM32CubeIDE/plugins/com.st.stm32cube.ide.mcu.externaltools.gnu-tools-for-stm32.11.3.rel1.win32_1.1.0.202305231506/tools/bin/../lib/gcc/arm-none-eabi/11.3.1/../../../../arm-none-eabi/lib/thumb/v7e-m+fp/hard\libc_nano.a
LOAD C:/ST/STM32CubeIDE_1.13.1/STM32CubeIDE/plugins/com.st.stm32cube.ide.mcu.externaltools.gnu-tools-for-stm32.11.3.rel1.win32_1.1.0.202305231506/tools/bin/../lib/gcc/arm-none-eabi/11.3.1/../../../../arm-none-eabi/lib/thumb/v7e-m+fp/hard\libnosys.a
END GROUP
LOAD C:/ST/STM32CubeIDE_1.13.1/STM32CubeIDE/plugins/com.st.stm32cube.ide.mcu.externaltools.gnu-tools-for-stm32.11.3.rel1.win32_1.1.0.202305231506/tools/bin/../lib/gcc/arm-none-eabi/11.3.1/thumb/v7e-m+fp/hard/crtend.o
LOAD C:/ST/STM32CubeIDE_1.13.1/STM32CubeIDE/plugins/com.st.stm32cube.ide.mcu.externaltools.gnu-tools-for-stm32.11.3.rel1.win32_1.1.0.202305231506/tools/bin/../lib/gcc/arm-none-eabi/11.3.1/thumb/v7e-m+fp/hard/crtn.o
                0x0000000020030000                _estack = (ORIGIN (RAM) + LENGTH (RAM))
                0x0000000000000200                _Min_Heap_Size = 0x200
                0x0000000000000400                _Min_Stack_Size = 0x400

.isr_vector     0x0000000008000000      0x1ac
                0x0000000008000000                . = ALIGN (0x4)
 *(.isr_vector)
 .isr_vector    0x0000000008000000      0x1ac ./Core/Startup/startup_stm32f429zitx.o
                0x0000000008000000                g_pfnVectors
                0x00000000080001ac                . = ALIGN (0x4)

.text           0x00000000080001b0     0x74cc
                0x00000000080001b0                . = ALIGN (0x4)
 *(.text)
 .text          0x00000000080001b0       0x40 C:/ST/STM32CubeIDE_1.13.1/STM32CubeIDE/plugins/com.st.stm32cube.ide.mcu.externaltools.gnu-tools-for-stm32.11.3.rel1.win32_1.1.0.202305231506/tools/bin/../lib/gcc/arm-none-eabi/11.3.1/thumb/v7e-m+fp/hard/crtbegin.o
 .text          0x00000000080001f0       0x30 C:/ST/STM32CubeIDE_1.13.1/STM32CubeIDE/plugins/com.st.stm32cube.ide.mcu.externaltools.gnu-tools-for-stm32.11.3.rel1.win32_1.1.0.202305231506/tools/bin/../lib/gcc/arm-none-eabi/11.3.1/thumb/v7e-m+fp/hard\libgcc.a(_aeabi_uldivmod.o)
                0x00000000080001f0                __aeabi_uldivmod
 .text          0x0000000008000220      0x2c8 C:/ST/STM32CubeIDE_1.13.1/STM32CubeIDE/plugins/com.st.stm32cube.ide.mcu.externaltools.gnu-tools-for-stm32.11.3.rel1.win32_1.1.0.202305231506/tools/bin/../lib/gcc/arm-none-eabi/11.3.1/thumb/v7e-m+fp/hard\libgcc.a(_udivmoddi4.o)
                0x0000000008000220                __udivmoddi4
 .text          0x00000000080004e8        0x4 C:/ST/STM32CubeIDE_1.13.1/STM32CubeIDE/plugins/com.st.stm32cube.ide.mcu.externaltools.gnu-tools-for-stm32.11.3.rel1.win32_1.1.0.202305231506/tools/bin/../lib/gcc/arm-none-eabi/11.3.1/thumb/v7e-m+fp/hard\libgcc.a(_dvmd_tls.o)
                0x00000000080004e8                __aeabi_idiv0
                0x00000000080004e8                __aeabi_ldiv0
 *(.text*)
 .text.newLoRa  0x00000000080004ec       0x52 ./Core/Src/LoRa.o
                0x00000000080004ec                newLoRa
 .text.LoRa_gotoMode
                0x000000000800053e       0xc2 ./Core/Src/LoRa.o
                0x000000000800053e                LoRa_gotoMode
 .text.LoRa_readReg
                0x0000000008000600       0x7c ./Core/Src/LoRa.o
                0x0000000008000600                LoRa_readReg
 .text.LoRa_writeReg
                0x000000000800067c       0x7c ./Core/Src/LoRa.o
                0x000000000800067c                LoRa_writeReg
 .text.LoRa_setFrequency
                0x00000000080006f8       0x60 ./Core/Src/LoRa.o
                0x00000000080006f8                LoRa_setFrequency
 .text.LoRa_setSpreadingFactor
                0x0000000008000758       0x5e ./Core/Src/LoRa.o
                0x0000000008000758                LoRa_setSpreadingFactor
 .text.LoRa_setPower
                0x00000000080007b6       0x26 ./Core/Src/LoRa.o
                0x00000000080007b6                LoRa_setPower
 .text.LoRa_setOCP
                0x00000000080007dc       0x7c ./Core/Src/LoRa.o
                0x00000000080007dc                LoRa_setOCP
 .text.LoRa_setTOMsb_setCRCon
                0x0000000008000858       0x36 ./Core/Src/LoRa.o
                0x0000000008000858                LoRa_setTOMsb_setCRCon
 .text.LoRa_read
                0x000000000800088e       0x34 ./Core/Src/LoRa.o
                0x000000000800088e                LoRa_read
 .text.LoRa_write
                0x00000000080008c2       0x3a ./Core/Src/LoRa.o
                0x00000000080008c2                LoRa_write
 .text.LoRa_isvalid
                0x00000000080008fc       0x16 ./Core/Src/LoRa.o
                0x00000000080008fc                LoRa_isvalid
 .text.LoRa_startReceiving
                0x0000000008000912       0x18 ./Core/Src/LoRa.o
                0x0000000008000912                LoRa_startReceiving
 .text.LoRa_receive
                0x000000000800092a       0xc0 ./Core/Src/LoRa.o
                0x000000000800092a                LoRa_receive
 .text.LoRa_init
                0x00000000080009ea      0x148 ./Core/Src/LoRa.o
                0x00000000080009ea                LoRa_init
 .text.newLoRa_i
                0x0000000008000b32       0x52 ./Core/Src/LoRa_i.o
                0x0000000008000b32                newLoRa_i
 .text.LoRa_gotoMode_i
                0x0000000008000b84       0xc2 ./Core/Src/LoRa_i.o
                0x0000000008000b84                LoRa_gotoMode_i
 .text.LoRa_read_iReg_i
                0x0000000008000c46       0x7c ./Core/Src/LoRa_i.o
                0x0000000008000c46                LoRa_read_iReg_i
 .text.LoRa_write_iReg_i
                0x0000000008000cc2       0x7c ./Core/Src/LoRa_i.o
                0x0000000008000cc2                LoRa_write_iReg_i
 .text.LoRa_setFrequency_i
                0x0000000008000d3e       0x60 ./Core/Src/LoRa_i.o
                0x0000000008000d3e                LoRa_setFrequency_i
 .text.LoRa_setSpreadingFactor_i
                0x0000000008000d9e       0x5e ./Core/Src/LoRa_i.o
                0x0000000008000d9e                LoRa_setSpreadingFactor_i
 .text.LoRa_setPower_i
                0x0000000008000dfc       0x26 ./Core/Src/LoRa_i.o
                0x0000000008000dfc                LoRa_setPower_i
 *fill*         0x0000000008000e22        0x2 
 .text.LoRa_setOCP_i
                0x0000000008000e24       0x7c ./Core/Src/LoRa_i.o
                0x0000000008000e24                LoRa_setOCP_i
 .text.LoRa_setTOMsb_setCRCon_i
                0x0000000008000ea0       0x36 ./Core/Src/LoRa_i.o
                0x0000000008000ea0                LoRa_setTOMsb_setCRCon_i
 .text.LoRa_read_i
                0x0000000008000ed6       0x34 ./Core/Src/LoRa_i.o
                0x0000000008000ed6                LoRa_read_i
 .text.LoRa_write_i
                0x0000000008000f0a       0x3a ./Core/Src/LoRa_i.o
                0x0000000008000f0a                LoRa_write_i
 .text.LoRa_isvalid_i
                0x0000000008000f44       0x16 ./Core/Src/LoRa_i.o
                0x0000000008000f44                LoRa_isvalid_i
 .text.LoRa_startReceiving_i
                0x0000000008000f5a       0x18 ./Core/Src/LoRa_i.o
                0x0000000008000f5a                LoRa_startReceiving_i
 .text.LoRa_receive_i
                0x0000000008000f72       0xc0 ./Core/Src/LoRa_i.o
                0x0000000008000f72                LoRa_receive_i
 .text.LoRa_init_i
                0x0000000008001032      0x148 ./Core/Src/LoRa_i.o
                0x0000000008001032                LoRa_init_i
 .text.newLoRa_ii
                0x000000000800117a       0x52 ./Core/Src/LoRa_ii.o
                0x000000000800117a                newLoRa_ii
 .text.LoRa_gotoMode_ii
                0x00000000080011cc       0xc2 ./Core/Src/LoRa_ii.o
                0x00000000080011cc                LoRa_gotoMode_ii
 .text.LoRa_read_iiReg_ii
                0x000000000800128e       0x7c ./Core/Src/LoRa_ii.o
                0x000000000800128e                LoRa_read_iiReg_ii
 .text.LoRa_write_iiReg_ii
                0x000000000800130a       0x7c ./Core/Src/LoRa_ii.o
                0x000000000800130a                LoRa_write_iiReg_ii
 .text.LoRa_setFrequency_ii
                0x0000000008001386       0x60 ./Core/Src/LoRa_ii.o
                0x0000000008001386                LoRa_setFrequency_ii
 .text.LoRa_setSpreadingFactor_ii
                0x00000000080013e6       0x5e ./Core/Src/LoRa_ii.o
                0x00000000080013e6                LoRa_setSpreadingFactor_ii
 .text.LoRa_setPower_ii
                0x0000000008001444       0x26 ./Core/Src/LoRa_ii.o
                0x0000000008001444                LoRa_setPower_ii
 *fill*         0x000000000800146a        0x2 
 .text.LoRa_setOCP_ii
                0x000000000800146c       0x7c ./Core/Src/LoRa_ii.o
                0x000000000800146c                LoRa_setOCP_ii
 .text.LoRa_setTOMsb_setCRCon_ii
                0x00000000080014e8       0x36 ./Core/Src/LoRa_ii.o
                0x00000000080014e8                LoRa_setTOMsb_setCRCon_ii
 .text.LoRa_read_ii
                0x000000000800151e       0x34 ./Core/Src/LoRa_ii.o
                0x000000000800151e                LoRa_read_ii
 .text.LoRa_write_ii
                0x0000000008001552       0x3a ./Core/Src/LoRa_ii.o
                0x0000000008001552                LoRa_write_ii
 .text.LoRa_isvalid_ii
                0x000000000800158c       0x16 ./Core/Src/LoRa_ii.o
                0x000000000800158c                LoRa_isvalid_ii
 .text.LoRa_startReceiving_ii
                0x00000000080015a2       0x18 ./Core/Src/LoRa_ii.o
                0x00000000080015a2                LoRa_startReceiving_ii
 .text.LoRa_receive_ii
                0x00000000080015ba       0xc0 ./Core/Src/LoRa_ii.o
                0x00000000080015ba                LoRa_receive_ii
 .text.LoRa_init_ii
                0x000000000800167a      0x148 ./Core/Src/LoRa_ii.o
                0x000000000800167a                LoRa_init_ii
 .text.newLoRa_iii
                0x00000000080017c2       0x52 ./Core/Src/LoRa_iii.o
                0x00000000080017c2                newLoRa_iii
 .text.LoRa_gotoMode_iii
                0x0000000008001814       0xc2 ./Core/Src/LoRa_iii.o
                0x0000000008001814                LoRa_gotoMode_iii
 .text.LoRa_read_iiiReg_iii
                0x00000000080018d6       0x7c ./Core/Src/LoRa_iii.o
                0x00000000080018d6                LoRa_read_iiiReg_iii
 .text.LoRa_write_iiiReg_iii
                0x0000000008001952       0x7c ./Core/Src/LoRa_iii.o
                0x0000000008001952                LoRa_write_iiiReg_iii
 .text.LoRa_setFrequency_iii
                0x00000000080019ce       0x60 ./Core/Src/LoRa_iii.o
                0x00000000080019ce                LoRa_setFrequency_iii
 .text.LoRa_setSpreadingFactor_iii
                0x0000000008001a2e       0x5e ./Core/Src/LoRa_iii.o
                0x0000000008001a2e                LoRa_setSpreadingFactor_iii
 .text.LoRa_setPower_iii
                0x0000000008001a8c       0x26 ./Core/Src/LoRa_iii.o
                0x0000000008001a8c                LoRa_setPower_iii
 *fill*         0x0000000008001ab2        0x2 
 .text.LoRa_setOCP_iii
                0x0000000008001ab4       0x7c ./Core/Src/LoRa_iii.o
                0x0000000008001ab4                LoRa_setOCP_iii
 .text.LoRa_setTOMsb_setCRCon_iii
                0x0000000008001b30       0x36 ./Core/Src/LoRa_iii.o
                0x0000000008001b30                LoRa_setTOMsb_setCRCon_iii
 .text.LoRa_read_iii
                0x0000000008001b66       0x34 ./Core/Src/LoRa_iii.o
                0x0000000008001b66                LoRa_read_iii
 .text.LoRa_write_iii
                0x0000000008001b9a       0x3a ./Core/Src/LoRa_iii.o
                0x0000000008001b9a                LoRa_write_iii
 .text.LoRa_isvalid_iii
                0x0000000008001bd4       0x16 ./Core/Src/LoRa_iii.o
                0x0000000008001bd4                LoRa_isvalid_iii
 .text.LoRa_startReceiving_iii
                0x0000000008001bea       0x18 ./Core/Src/LoRa_iii.o
                0x0000000008001bea                LoRa_startReceiving_iii
 .text.LoRa_receive_iii
                0x0000000008001c02       0xc0 ./Core/Src/LoRa_iii.o
                0x0000000008001c02                LoRa_receive_iii
 .text.LoRa_init_iii
                0x0000000008001cc2      0x148 ./Core/Src/LoRa_iii.o
                0x0000000008001cc2                LoRa_init_iii
 *fill*         0x0000000008001e0a        0x2 
 .text.vApplicationGetIdleTaskMemory
                0x0000000008001e0c       0x34 ./Core/Src/freertos.o
                0x0000000008001e0c                vApplicationGetIdleTaskMemory
 .text.main     0x0000000008001e40      0x3a0 ./Core/Src/main.o
                0x0000000008001e40                main
 .text.Task1_init
                0x00000000080021e0       0x30 ./Core/Src/main.o
                0x00000000080021e0                Task1_init
 .text.Task2_init
                0x0000000008002210       0x30 ./Core/Src/main.o
                0x0000000008002210                Task2_init
 .text.Task3_init
                0x0000000008002240       0x30 ./Core/Src/main.o
                0x0000000008002240                Task3_init
 .text.Task4_init
                0x0000000008002270       0x30 ./Core/Src/main.o
                0x0000000008002270                Task4_init
 .text.SystemClock_Config
                0x00000000080022a0       0xe0 ./Core/Src/main.o
                0x00000000080022a0                SystemClock_Config
 .text.MX_SPI1_Init
                0x0000000008002380       0x6c ./Core/Src/main.o
 .text.MX_SPI3_Init
                0x00000000080023ec       0x6c ./Core/Src/main.o
 .text.MX_SPI4_Init
                0x0000000008002458       0x6c ./Core/Src/main.o
 .text.MX_SPI6_Init
                0x00000000080024c4       0x6c ./Core/Src/main.o
 .text.MX_USART3_UART_Init
                0x0000000008002530       0x54 ./Core/Src/main.o
 .text.MX_GPIO_Init
                0x0000000008002584      0x268 ./Core/Src/main.o
 .text.HAL_TIM_PeriodElapsedCallback
                0x00000000080027ec       0x24 ./Core/Src/main.o
                0x00000000080027ec                HAL_TIM_PeriodElapsedCallback
 .text.Error_Handler
                0x0000000008002810        0xa ./Core/Src/main.o
                0x0000000008002810                Error_Handler
 *fill*         0x000000000800281a        0x2 
 .text.HAL_MspInit
                0x000000000800281c       0x58 ./Core/Src/stm32f4xx_hal_msp.o
                0x000000000800281c                HAL_MspInit
 .text.HAL_SPI_MspInit
                0x0000000008002874      0x218 ./Core/Src/stm32f4xx_hal_msp.o
                0x0000000008002874                HAL_SPI_MspInit
 .text.HAL_UART_MspInit
                0x0000000008002a8c       0xa0 ./Core/Src/stm32f4xx_hal_msp.o
                0x0000000008002a8c                HAL_UART_MspInit
 .text.HAL_InitTick
                0x0000000008002b2c       0xe8 ./Core/Src/stm32f4xx_hal_timebase_tim.o
                0x0000000008002b2c                HAL_InitTick
 .text.NMI_Handler
                0x0000000008002c14        0x6 ./Core/Src/stm32f4xx_it.o
                0x0000000008002c14                NMI_Handler
 .text.HardFault_Handler
                0x0000000008002c1a        0x6 ./Core/Src/stm32f4xx_it.o
                0x0000000008002c1a                HardFault_Handler
 .text.MemManage_Handler
                0x0000000008002c20        0x6 ./Core/Src/stm32f4xx_it.o
                0x0000000008002c20                MemManage_Handler
 .text.BusFault_Handler
                0x0000000008002c26        0x6 ./Core/Src/stm32f4xx_it.o
                0x0000000008002c26                BusFault_Handler
 .text.UsageFault_Handler
                0x0000000008002c2c        0x6 ./Core/Src/stm32f4xx_it.o
                0x0000000008002c2c                UsageFault_Handler
 .text.DebugMon_Handler
                0x0000000008002c32        0xe ./Core/Src/stm32f4xx_it.o
                0x0000000008002c32                DebugMon_Handler
 .text.TIM1_UP_TIM10_IRQHandler
                0x0000000008002c40       0x14 ./Core/Src/stm32f4xx_it.o
                0x0000000008002c40                TIM1_UP_TIM10_IRQHandler
 .text.SPI1_IRQHandler
                0x0000000008002c54       0x14 ./Core/Src/stm32f4xx_it.o
                0x0000000008002c54                SPI1_IRQHandler
 .text.USART3_IRQHandler
                0x0000000008002c68       0x14 ./Core/Src/stm32f4xx_it.o
                0x0000000008002c68                USART3_IRQHandler
 .text.SPI3_IRQHandler
                0x0000000008002c7c       0x14 ./Core/Src/stm32f4xx_it.o
                0x0000000008002c7c                SPI3_IRQHandler
 .text.SPI4_IRQHandler
                0x0000000008002c90       0x14 ./Core/Src/stm32f4xx_it.o
                0x0000000008002c90                SPI4_IRQHandler
 .text.SPI6_IRQHandler
                0x0000000008002ca4       0x14 ./Core/Src/stm32f4xx_it.o
                0x0000000008002ca4                SPI6_IRQHandler
 .text.SystemInit
                0x0000000008002cb8       0x24 ./Core/Src/system_stm32f4xx.o
                0x0000000008002cb8                SystemInit
 .text.Reset_Handler
                0x0000000008002cdc       0x50 ./Core/Startup/startup_stm32f429zitx.o
                0x0000000008002cdc                Reset_Handler
 .text.Default_Handler
                0x0000000008002d2c        0x2 ./Core/Startup/startup_stm32f429zitx.o
                0x0000000008002d2c                RTC_Alarm_IRQHandler
                0x0000000008002d2c                HASH_RNG_IRQHandler
                0x0000000008002d2c                EXTI2_IRQHandler
                0x0000000008002d2c                TIM8_CC_IRQHandler
                0x0000000008002d2c                UART8_IRQHandler
                0x0000000008002d2c                TIM1_CC_IRQHandler
                0x0000000008002d2c                DMA2_Stream5_IRQHandler
                0x0000000008002d2c                DMA1_Stream5_IRQHandler
                0x0000000008002d2c                PVD_IRQHandler
                0x0000000008002d2c                SDIO_IRQHandler
                0x0000000008002d2c                TAMP_STAMP_IRQHandler
                0x0000000008002d2c                CAN2_RX1_IRQHandler
                0x0000000008002d2c                EXTI3_IRQHandler
                0x0000000008002d2c                TIM8_TRG_COM_TIM14_IRQHandler
                0x0000000008002d2c                TIM8_UP_TIM13_IRQHandler
                0x0000000008002d2c                I2C3_ER_IRQHandler
                0x0000000008002d2c                EXTI0_IRQHandler
                0x0000000008002d2c                I2C2_EV_IRQHandler
                0x0000000008002d2c                DMA1_Stream2_IRQHandler
                0x0000000008002d2c                CAN1_RX0_IRQHandler
                0x0000000008002d2c                FPU_IRQHandler
                0x0000000008002d2c                OTG_HS_WKUP_IRQHandler
                0x0000000008002d2c                LTDC_ER_IRQHandler
                0x0000000008002d2c                CAN2_SCE_IRQHandler
                0x0000000008002d2c                DMA2_Stream2_IRQHandler
                0x0000000008002d2c                TIM6_DAC_IRQHandler
                0x0000000008002d2c                TIM1_BRK_TIM9_IRQHandler
                0x0000000008002d2c                DCMI_IRQHandler
                0x0000000008002d2c                CAN2_RX0_IRQHandler
                0x0000000008002d2c                DMA2_Stream3_IRQHandler
                0x0000000008002d2c                USART6_IRQHandler
                0x0000000008002d2c                CAN1_RX1_IRQHandler
                0x0000000008002d2c                UART5_IRQHandler
                0x0000000008002d2c                DMA2_Stream0_IRQHandler
                0x0000000008002d2c                TIM4_IRQHandler
                0x0000000008002d2c                I2C1_EV_IRQHandler
                0x0000000008002d2c                DMA1_Stream6_IRQHandler
                0x0000000008002d2c                DMA1_Stream1_IRQHandler
                0x0000000008002d2c                UART4_IRQHandler
                0x0000000008002d2c                TIM3_IRQHandler
                0x0000000008002d2c                RCC_IRQHandler
                0x0000000008002d2c                TIM8_BRK_TIM12_IRQHandler
                0x0000000008002d2c                Default_Handler
                0x0000000008002d2c                EXTI15_10_IRQHandler
                0x0000000008002d2c                ADC_IRQHandler
                0x0000000008002d2c                DMA1_Stream7_IRQHandler
                0x0000000008002d2c                SPI5_IRQHandler
                0x0000000008002d2c                TIM7_IRQHandler
                0x0000000008002d2c                CAN2_TX_IRQHandler
                0x0000000008002d2c                TIM5_IRQHandler
                0x0000000008002d2c                DMA2_Stream7_IRQHandler
                0x0000000008002d2c                I2C3_EV_IRQHandler
                0x0000000008002d2c                EXTI9_5_IRQHandler
                0x0000000008002d2c                RTC_WKUP_IRQHandler
                0x0000000008002d2c                LTDC_IRQHandler
                0x0000000008002d2c                ETH_WKUP_IRQHandler
                0x0000000008002d2c                SPI2_IRQHandler
                0x0000000008002d2c                OTG_HS_EP1_IN_IRQHandler
                0x0000000008002d2c                DMA1_Stream0_IRQHandler
                0x0000000008002d2c                CAN1_TX_IRQHandler
                0x0000000008002d2c                EXTI4_IRQHandler
                0x0000000008002d2c                ETH_IRQHandler
                0x0000000008002d2c                OTG_HS_EP1_OUT_IRQHandler
                0x0000000008002d2c                WWDG_IRQHandler
                0x0000000008002d2c                TIM2_IRQHandler
                0x0000000008002d2c                OTG_FS_WKUP_IRQHandler
                0x0000000008002d2c                TIM1_TRG_COM_TIM11_IRQHandler
                0x0000000008002d2c                OTG_HS_IRQHandler
                0x0000000008002d2c                DMA2D_IRQHandler
                0x0000000008002d2c                EXTI1_IRQHandler
                0x0000000008002d2c                UART7_IRQHandler
                0x0000000008002d2c                USART2_IRQHandler
                0x0000000008002d2c                I2C2_ER_IRQHandler
                0x0000000008002d2c                DMA2_Stream1_IRQHandler
                0x0000000008002d2c                CAN1_SCE_IRQHandler
                0x0000000008002d2c                FLASH_IRQHandler
                0x0000000008002d2c                DMA2_Stream4_IRQHandler
                0x0000000008002d2c                USART1_IRQHandler
                0x0000000008002d2c                OTG_FS_IRQHandler
                0x0000000008002d2c                DMA1_Stream4_IRQHandler
                0x0000000008002d2c                I2C1_ER_IRQHandler
                0x0000000008002d2c                FMC_IRQHandler
                0x0000000008002d2c                DMA2_Stream6_IRQHandler
                0x0000000008002d2c                SAI1_IRQHandler
                0x0000000008002d2c                DMA1_Stream3_IRQHandler
 *fill*         0x0000000008002d2e        0x2 
 .text.HAL_Init
                0x0000000008002d30       0x44 ./Drivers/STM32F4xx_HAL_Driver/Src/stm32f4xx_hal.o
                0x0000000008002d30                HAL_Init
 .text.HAL_IncTick
                0x0000000008002d74       0x28 ./Drivers/STM32F4xx_HAL_Driver/Src/stm32f4xx_hal.o
                0x0000000008002d74                HAL_IncTick
 .text.HAL_GetTick
                0x0000000008002d9c       0x18 ./Drivers/STM32F4xx_HAL_Driver/Src/stm32f4xx_hal.o
                0x0000000008002d9c                HAL_GetTick
 .text.HAL_Delay
                0x0000000008002db4       0x48 ./Drivers/STM32F4xx_HAL_Driver/Src/stm32f4xx_hal.o
                0x0000000008002db4                HAL_Delay
 .text.__NVIC_SetPriorityGrouping
                0x0000000008002dfc       0x48 ./Drivers/STM32F4xx_HAL_Driver/Src/stm32f4xx_hal_cortex.o
 .text.__NVIC_GetPriorityGrouping
                0x0000000008002e44       0x1c ./Drivers/STM32F4xx_HAL_Driver/Src/stm32f4xx_hal_cortex.o
 .text.__NVIC_EnableIRQ
                0x0000000008002e60       0x3c ./Drivers/STM32F4xx_HAL_Driver/Src/stm32f4xx_hal_cortex.o
 .text.__NVIC_SetPriority
                0x0000000008002e9c       0x54 ./Drivers/STM32F4xx_HAL_Driver/Src/stm32f4xx_hal_cortex.o
 .text.NVIC_EncodePriority
                0x0000000008002ef0       0x66 ./Drivers/STM32F4xx_HAL_Driver/Src/stm32f4xx_hal_cortex.o
 .text.HAL_NVIC_SetPriorityGrouping
                0x0000000008002f56       0x16 ./Drivers/STM32F4xx_HAL_Driver/Src/stm32f4xx_hal_cortex.o
                0x0000000008002f56                HAL_NVIC_SetPriorityGrouping
 .text.HAL_NVIC_SetPriority
                0x0000000008002f6c       0x38 ./Drivers/STM32F4xx_HAL_Driver/Src/stm32f4xx_hal_cortex.o
                0x0000000008002f6c                HAL_NVIC_SetPriority
 .text.HAL_NVIC_EnableIRQ
                0x0000000008002fa4       0x1c ./Drivers/STM32F4xx_HAL_Driver/Src/stm32f4xx_hal_cortex.o
                0x0000000008002fa4                HAL_NVIC_EnableIRQ
 .text.HAL_DMA_Abort
                0x0000000008002fc0       0xe0 ./Drivers/STM32F4xx_HAL_Driver/Src/stm32f4xx_hal_dma.o
                0x0000000008002fc0                HAL_DMA_Abort
 .text.HAL_DMA_Abort_IT
                0x00000000080030a0       0x44 ./Drivers/STM32F4xx_HAL_Driver/Src/stm32f4xx_hal_dma.o
                0x00000000080030a0                HAL_DMA_Abort_IT
 .text.HAL_GPIO_Init
                0x00000000080030e4      0x358 ./Drivers/STM32F4xx_HAL_Driver/Src/stm32f4xx_hal_gpio.o
                0x00000000080030e4                HAL_GPIO_Init
 .text.HAL_GPIO_WritePin
                0x000000000800343c       0x32 ./Drivers/STM32F4xx_HAL_Driver/Src/stm32f4xx_hal_gpio.o
                0x000000000800343c                HAL_GPIO_WritePin
 *fill*         0x000000000800346e        0x2 
 .text.HAL_PWREx_EnableOverDrive
                0x0000000008003470       0xa0 ./Drivers/STM32F4xx_HAL_Driver/Src/stm32f4xx_hal_pwr_ex.o
                0x0000000008003470                HAL_PWREx_EnableOverDrive
 .text.HAL_RCC_OscConfig
                0x0000000008003510      0x4f0 ./Drivers/STM32F4xx_HAL_Driver/Src/stm32f4xx_hal_rcc.o
                0x0000000008003510                HAL_RCC_OscConfig
 .text.HAL_RCC_ClockConfig
                0x0000000008003a00      0x1cc ./Drivers/STM32F4xx_HAL_Driver/Src/stm32f4xx_hal_rcc.o
                0x0000000008003a00                HAL_RCC_ClockConfig
 .text.HAL_RCC_GetSysClockFreq
                0x0000000008003bcc      0x20c ./Drivers/STM32F4xx_HAL_Driver/Src/stm32f4xx_hal_rcc.o
                0x0000000008003bcc                HAL_RCC_GetSysClockFreq
 .text.HAL_RCC_GetHCLKFreq
                0x0000000008003dd8       0x18 ./Drivers/STM32F4xx_HAL_Driver/Src/stm32f4xx_hal_rcc.o
                0x0000000008003dd8                HAL_RCC_GetHCLKFreq
 .text.HAL_RCC_GetPCLK1Freq
                0x0000000008003df0       0x28 ./Drivers/STM32F4xx_HAL_Driver/Src/stm32f4xx_hal_rcc.o
                0x0000000008003df0                HAL_RCC_GetPCLK1Freq
 .text.HAL_RCC_GetPCLK2Freq
                0x0000000008003e18       0x28 ./Drivers/STM32F4xx_HAL_Driver/Src/stm32f4xx_hal_rcc.o
                0x0000000008003e18                HAL_RCC_GetPCLK2Freq
 .text.HAL_RCC_GetClockConfig
                0x0000000008003e40       0x64 ./Drivers/STM32F4xx_HAL_Driver/Src/stm32f4xx_hal_rcc.o
                0x0000000008003e40                HAL_RCC_GetClockConfig
 .text.HAL_SPI_Init
                0x0000000008003ea4      0x112 ./Drivers/STM32F4xx_HAL_Driver/Src/stm32f4xx_hal_spi.o
                0x0000000008003ea4                HAL_SPI_Init
 .text.HAL_SPI_Transmit
                0x0000000008003fb6      0x278 ./Drivers/STM32F4xx_HAL_Driver/Src/stm32f4xx_hal_spi.o
                0x0000000008003fb6                HAL_SPI_Transmit
 .text.HAL_SPI_Receive
                0x000000000800422e      0x222 ./Drivers/STM32F4xx_HAL_Driver/Src/stm32f4xx_hal_spi.o
                0x000000000800422e                HAL_SPI_Receive
 .text.HAL_SPI_TransmitReceive
                0x0000000008004450      0x344 ./Drivers/STM32F4xx_HAL_Driver/Src/stm32f4xx_hal_spi.o
                0x0000000008004450                HAL_SPI_TransmitReceive
 .text.HAL_SPI_IRQHandler
                0x0000000008004794      0x1e8 ./Drivers/STM32F4xx_HAL_Driver/Src/stm32f4xx_hal_spi.o
                0x0000000008004794                HAL_SPI_IRQHandler
 .text.HAL_SPI_ErrorCallback
                0x000000000800497c       0x14 ./Drivers/STM32F4xx_HAL_Driver/Src/stm32f4xx_hal_spi.o
                0x000000000800497c                HAL_SPI_ErrorCallback
 .text.HAL_SPI_GetState
                0x0000000008004990       0x1c ./Drivers/STM32F4xx_HAL_Driver/Src/stm32f4xx_hal_spi.o
                0x0000000008004990                HAL_SPI_GetState
 .text.SPI_DMAAbortOnError
                0x00000000080049ac       0x28 ./Drivers/STM32F4xx_HAL_Driver/Src/stm32f4xx_hal_spi.o
 .text.SPI_WaitFlagStateUntilTimeout
                0x00000000080049d4      0x110 ./Drivers/STM32F4xx_HAL_Driver/Src/stm32f4xx_hal_spi.o
 .text.SPI_EndRxTransaction
                0x0000000008004ae4       0xca ./Drivers/STM32F4xx_HAL_Driver/Src/stm32f4xx_hal_spi.o
 *fill*         0x0000000008004bae        0x2 
 .text.SPI_EndRxTxTransaction
                0x0000000008004bb0       0x84 ./Drivers/STM32F4xx_HAL_Driver/Src/stm32f4xx_hal_spi.o
 .text.HAL_TIM_Base_Init
                0x0000000008004c34       0x9e ./Drivers/STM32F4xx_HAL_Driver/Src/stm32f4xx_hal_tim.o
                0x0000000008004c34                HAL_TIM_Base_Init
 .text.HAL_TIM_Base_MspInit
                0x0000000008004cd2       0x14 ./Drivers/STM32F4xx_HAL_Driver/Src/stm32f4xx_hal_tim.o
                0x0000000008004cd2                HAL_TIM_Base_MspInit
 *fill*         0x0000000008004ce6        0x2 
 .text.HAL_TIM_Base_Start_IT
                0x0000000008004ce8       0xe0 ./Drivers/STM32F4xx_HAL_Driver/Src/stm32f4xx_hal_tim.o
                0x0000000008004ce8                HAL_TIM_Base_Start_IT
 .text.HAL_TIM_IRQHandler
                0x0000000008004dc8      0x210 ./Drivers/STM32F4xx_HAL_Driver/Src/stm32f4xx_hal_tim.o
                0x0000000008004dc8                HAL_TIM_IRQHandler
 .text.HAL_TIM_OC_DelayElapsedCallback
                0x0000000008004fd8       0x14 ./Drivers/STM32F4xx_HAL_Driver/Src/stm32f4xx_hal_tim.o
                0x0000000008004fd8                HAL_TIM_OC_DelayElapsedCallback
 .text.HAL_TIM_IC_CaptureCallback
                0x0000000008004fec       0x14 ./Drivers/STM32F4xx_HAL_Driver/Src/stm32f4xx_hal_tim.o
                0x0000000008004fec                HAL_TIM_IC_CaptureCallback
 .text.HAL_TIM_PWM_PulseFinishedCallback
                0x0000000008005000       0x14 ./Drivers/STM32F4xx_HAL_Driver/Src/stm32f4xx_hal_tim.o
                0x0000000008005000                HAL_TIM_PWM_PulseFinishedCallback
 .text.HAL_TIM_TriggerCallback
                0x0000000008005014       0x14 ./Drivers/STM32F4xx_HAL_Driver/Src/stm32f4xx_hal_tim.o
                0x0000000008005014                HAL_TIM_TriggerCallback
 .text.TIM_Base_SetConfig
                0x0000000008005028      0x140 ./Drivers/STM32F4xx_HAL_Driver/Src/stm32f4xx_hal_tim.o
                0x0000000008005028                TIM_Base_SetConfig
 .text.HAL_TIMEx_CommutCallback
                0x0000000008005168       0x14 ./Drivers/STM32F4xx_HAL_Driver/Src/stm32f4xx_hal_tim_ex.o
                0x0000000008005168                HAL_TIMEx_CommutCallback
 .text.HAL_TIMEx_BreakCallback
                0x000000000800517c       0x14 ./Drivers/STM32F4xx_HAL_Driver/Src/stm32f4xx_hal_tim_ex.o
                0x000000000800517c                HAL_TIMEx_BreakCallback
 .text.HAL_UART_Init
                0x0000000008005190       0x9a ./Drivers/STM32F4xx_HAL_Driver/Src/stm32f4xx_hal_uart.o
                0x0000000008005190                HAL_UART_Init
 *fill*         0x000000000800522a        0x2 
 .text.HAL_UART_IRQHandler
                0x000000000800522c      0x51c ./Drivers/STM32F4xx_HAL_Driver/Src/stm32f4xx_hal_uart.o
                0x000000000800522c                HAL_UART_IRQHandler
 .text.HAL_UART_TxCpltCallback
                0x0000000008005748       0x14 ./Drivers/STM32F4xx_HAL_Driver/Src/stm32f4xx_hal_uart.o
                0x0000000008005748                HAL_UART_TxCpltCallback
 .text.HAL_UART_RxCpltCallback
                0x000000000800575c       0x14 ./Drivers/STM32F4xx_HAL_Driver/Src/stm32f4xx_hal_uart.o
                0x000000000800575c                HAL_UART_RxCpltCallback
 .text.HAL_UART_ErrorCallback
                0x0000000008005770       0x14 ./Drivers/STM32F4xx_HAL_Driver/Src/stm32f4xx_hal_uart.o
                0x0000000008005770                HAL_UART_ErrorCallback
 .text.HAL_UARTEx_RxEventCallback
                0x0000000008005784       0x18 ./Drivers/STM32F4xx_HAL_Driver/Src/stm32f4xx_hal_uart.o
                0x0000000008005784                HAL_UARTEx_RxEventCallback
 .text.UART_EndRxTransfer
                0x000000000800579c       0xc6 ./Drivers/STM32F4xx_HAL_Driver/Src/stm32f4xx_hal_uart.o
 .text.UART_DMAAbortOnError
                0x0000000008005862       0x28 ./Drivers/STM32F4xx_HAL_Driver/Src/stm32f4xx_hal_uart.o
 .text.UART_Transmit_IT
                0x000000000800588a       0xa0 ./Drivers/STM32F4xx_HAL_Driver/Src/stm32f4xx_hal_uart.o
 .text.UART_EndTransmit_IT
                0x000000000800592a       0x30 ./Drivers/STM32F4xx_HAL_Driver/Src/stm32f4xx_hal_uart.o
 .text.UART_Receive_IT
                0x000000000800595a      0x176 ./Drivers/STM32F4xx_HAL_Driver/Src/stm32f4xx_hal_uart.o
 .text.UART_SetConfig
                0x0000000008005ad0      0x4e8 ./Drivers/STM32F4xx_HAL_Driver/Src/stm32f4xx_hal_uart.o
 .text.makeFreeRtosPriority
                0x0000000008005fb8       0x30 ./Middlewares/Third_Party/FreeRTOS/Source/CMSIS_RTOS/cmsis_os.o
 .text.osKernelStart
                0x0000000008005fe8        0xe ./Middlewares/Third_Party/FreeRTOS/Source/CMSIS_RTOS/cmsis_os.o
                0x0000000008005fe8                osKernelStart
 .text.osThreadCreate
                0x0000000008005ff6       0x98 ./Middlewares/Third_Party/FreeRTOS/Source/CMSIS_RTOS/cmsis_os.o
                0x0000000008005ff6                osThreadCreate
 .text.osDelay  0x000000000800608e       0x28 ./Middlewares/Third_Party/FreeRTOS/Source/CMSIS_RTOS/cmsis_os.o
                0x000000000800608e                osDelay
 .text.vListInitialise
                0x00000000080060b6       0x40 ./Middlewares/Third_Party/FreeRTOS/Source/list.o
                0x00000000080060b6                vListInitialise
 .text.vListInitialiseItem
                0x00000000080060f6       0x1a ./Middlewares/Third_Party/FreeRTOS/Source/list.o
                0x00000000080060f6                vListInitialiseItem
 .text.vListInsertEnd
                0x0000000008006110       0x48 ./Middlewares/Third_Party/FreeRTOS/Source/list.o
                0x0000000008006110                vListInsertEnd
 .text.vListInsert
                0x0000000008006158       0x72 ./Middlewares/Third_Party/FreeRTOS/Source/list.o
                0x0000000008006158                vListInsert
 .text.uxListRemove
                0x00000000080061ca       0x54 ./Middlewares/Third_Party/FreeRTOS/Source/list.o
                0x00000000080061ca                uxListRemove
 .text.xTaskCreateStatic
                0x000000000800621e       0xba ./Middlewares/Third_Party/FreeRTOS/Source/tasks.o
                0x000000000800621e                xTaskCreateStatic
 .text.xTaskCreate
                0x00000000080062d8       0x8a ./Middlewares/Third_Party/FreeRTOS/Source/tasks.o
                0x00000000080062d8                xTaskCreate
 *fill*         0x0000000008006362        0x2 
 .text.prvInitialiseNewTask
                0x0000000008006364      0x13c ./Middlewares/Third_Party/FreeRTOS/Source/tasks.o
 .text.prvAddNewTaskToReadyList
                0x00000000080064a0       0xd4 ./Middlewares/Third_Party/FreeRTOS/Source/tasks.o
 .text.vTaskDelay
                0x0000000008006574       0x68 ./Middlewares/Third_Party/FreeRTOS/Source/tasks.o
                0x0000000008006574                vTaskDelay
 .text.vTaskStartScheduler
                0x00000000080065dc       0xd4 ./Middlewares/Third_Party/FreeRTOS/Source/tasks.o
                0x00000000080065dc                vTaskStartScheduler
 .text.vTaskSuspendAll
                0x00000000080066b0       0x1c ./Middlewares/Third_Party/FreeRTOS/Source/tasks.o
                0x00000000080066b0                vTaskSuspendAll
 .text.xTaskResumeAll
                0x00000000080066cc      0x138 ./Middlewares/Third_Party/FreeRTOS/Source/tasks.o
                0x00000000080066cc                xTaskResumeAll
 .text.xTaskIncrementTick
                0x0000000008006804      0x170 ./Middlewares/Third_Party/FreeRTOS/Source/tasks.o
                0x0000000008006804                xTaskIncrementTick
 .text.vTaskSwitchContext
                0x0000000008006974       0xc4 ./Middlewares/Third_Party/FreeRTOS/Source/tasks.o
                0x0000000008006974                vTaskSwitchContext
 .text.prvIdleTask
                0x0000000008006a38       0x30 ./Middlewares/Third_Party/FreeRTOS/Source/tasks.o
 .text.prvInitialiseTaskLists
                0x0000000008006a68       0x80 ./Middlewares/Third_Party/FreeRTOS/Source/tasks.o
 .text.prvCheckTasksWaitingTermination
                0x0000000008006ae8       0x5c ./Middlewares/Third_Party/FreeRTOS/Source/tasks.o
 .text.prvDeleteTCB
                0x0000000008006b44       0x68 ./Middlewares/Third_Party/FreeRTOS/Source/tasks.o
 .text.prvResetNextTaskUnblockTime
                0x0000000008006bac       0x40 ./Middlewares/Third_Party/FreeRTOS/Source/tasks.o
 .text.prvAddCurrentTaskToDelayedList
                0x0000000008006bec       0xcc ./Middlewares/Third_Party/FreeRTOS/Source/tasks.o
 .text.pxPortInitialiseStack
                0x0000000008006cb8       0x68 ./Middlewares/Third_Party/FreeRTOS/Source/portable/GCC/ARM_CM4F/port.o
                0x0000000008006cb8                pxPortInitialiseStack
 .text.prvTaskExitError
                0x0000000008006d20       0x58 ./Middlewares/Third_Party/FreeRTOS/Source/portable/GCC/ARM_CM4F/port.o
 *fill*         0x0000000008006d78        0x8 
 .text.SVC_Handler
                0x0000000008006d80       0x28 ./Middlewares/Third_Party/FreeRTOS/Source/portable/GCC/ARM_CM4F/port.o
                0x0000000008006d80                SVC_Handler
 .text.prvPortStartFirstTask
                0x0000000008006da8       0x28 ./Middlewares/Third_Party/FreeRTOS/Source/portable/GCC/ARM_CM4F/port.o
 .text.xPortStartScheduler
                0x0000000008006dd0      0x144 ./Middlewares/Third_Party/FreeRTOS/Source/portable/GCC/ARM_CM4F/port.o
                0x0000000008006dd0                xPortStartScheduler
 .text.vPortEnterCritical
                0x0000000008006f14       0x60 ./Middlewares/Third_Party/FreeRTOS/Source/portable/GCC/ARM_CM4F/port.o
                0x0000000008006f14                vPortEnterCritical
 .text.vPortExitCritical
                0x0000000008006f74       0x54 ./Middlewares/Third_Party/FreeRTOS/Source/portable/GCC/ARM_CM4F/port.o
                0x0000000008006f74                vPortExitCritical
 *fill*         0x0000000008006fc8        0x8 
 .text.PendSV_Handler
                0x0000000008006fd0       0x68 ./Middlewares/Third_Party/FreeRTOS/Source/portable/GCC/ARM_CM4F/port.o
                0x0000000008006fd0                PendSV_Handler
 .text.SysTick_Handler
                0x0000000008007038       0x44 ./Middlewares/Third_Party/FreeRTOS/Source/portable/GCC/ARM_CM4F/port.o
                0x0000000008007038                SysTick_Handler
 .text.vPortSetupTimerInterrupt
                0x000000000800707c       0x48 ./Middlewares/Third_Party/FreeRTOS/Source/portable/GCC/ARM_CM4F/port.o
                0x000000000800707c                vPortSetupTimerInterrupt
 .text.vPortEnableVFP
                0x00000000080070c4       0x14 ./Middlewares/Third_Party/FreeRTOS/Source/portable/GCC/ARM_CM4F/port.o
 .text.pvPortMalloc
                0x00000000080070d8      0x198 ./Middlewares/Third_Party/FreeRTOS/Source/portable/MemMang/heap_4.o
                0x00000000080070d8                pvPortMalloc
 .text.vPortFree
                0x0000000008007270       0xc4 ./Middlewares/Third_Party/FreeRTOS/Source/portable/MemMang/heap_4.o
                0x0000000008007270                vPortFree
 .text.prvHeapInit
                0x0000000008007334       0xc4 ./Middlewares/Third_Party/FreeRTOS/Source/portable/MemMang/heap_4.o
 .text.prvInsertBlockIntoFreeList
                0x00000000080073f8       0xb4 ./Middlewares/Third_Party/FreeRTOS/Source/portable/MemMang/heap_4.o
 .text.memset   0x00000000080074ac       0x10 C:/ST/STM32CubeIDE_1.13.1/STM32CubeIDE/plugins/com.st.stm32cube.ide.mcu.externaltools.gnu-tools-for-stm32.11.3.rel1.win32_1.1.0.202305231506/tools/bin/../lib/gcc/arm-none-eabi/11.3.1/../../../../arm-none-eabi/lib/thumb/v7e-m+fp/hard\libc_nano.a(libc_a-memset.o)
                0x00000000080074ac                memset
 .text._reclaim_reent
                0x00000000080074bc       0xac C:/ST/STM32CubeIDE_1.13.1/STM32CubeIDE/plugins/com.st.stm32cube.ide.mcu.externaltools.gnu-tools-for-stm32.11.3.rel1.win32_1.1.0.202305231506/tools/bin/../lib/gcc/arm-none-eabi/11.3.1/../../../../arm-none-eabi/lib/thumb/v7e-m+fp/hard\libc_nano.a(libc_a-reent.o)
                0x00000000080074bc                _reclaim_reent
 .text.__libc_init_array
                0x0000000008007568       0x48 C:/ST/STM32CubeIDE_1.13.1/STM32CubeIDE/plugins/com.st.stm32cube.ide.mcu.externaltools.gnu-tools-for-stm32.11.3.rel1.win32_1.1.0.202305231506/tools/bin/../lib/gcc/arm-none-eabi/11.3.1/../../../../arm-none-eabi/lib/thumb/v7e-m+fp/hard\libc_nano.a(libc_a-init.o)
                0x0000000008007568                __libc_init_array
 .text.__retarget_lock_acquire_recursive
                0x00000000080075b0        0x2 C:/ST/STM32CubeIDE_1.13.1/STM32CubeIDE/plugins/com.st.stm32cube.ide.mcu.externaltools.gnu-tools-for-stm32.11.3.rel1.win32_1.1.0.202305231506/tools/bin/../lib/gcc/arm-none-eabi/11.3.1/../../../../arm-none-eabi/lib/thumb/v7e-m+fp/hard\libc_nano.a(libc_a-lock.o)
                0x00000000080075b0                __retarget_lock_acquire_recursive
 .text.__retarget_lock_release_recursive
                0x00000000080075b2        0x2 C:/ST/STM32CubeIDE_1.13.1/STM32CubeIDE/plugins/com.st.stm32cube.ide.mcu.externaltools.gnu-tools-for-stm32.11.3.rel1.win32_1.1.0.202305231506/tools/bin/../lib/gcc/arm-none-eabi/11.3.1/../../../../arm-none-eabi/lib/thumb/v7e-m+fp/hard\libc_nano.a(libc_a-lock.o)
                0x00000000080075b2                __retarget_lock_release_recursive
 .text._free_r  0x00000000080075b4       0x98 C:/ST/STM32CubeIDE_1.13.1/STM32CubeIDE/plugins/com.st.stm32cube.ide.mcu.externaltools.gnu-tools-for-stm32.11.3.rel1.win32_1.1.0.202305231506/tools/bin/../lib/gcc/arm-none-eabi/11.3.1/../../../../arm-none-eabi/lib/thumb/v7e-m+fp/hard\libc_nano.a(libc_a-freer.o)
                0x00000000080075b4                _free_r
 .text.__malloc_lock
                0x000000000800764c        0xc C:/ST/STM32CubeIDE_1.13.1/STM32CubeIDE/plugins/com.st.stm32cube.ide.mcu.externaltools.gnu-tools-for-stm32.11.3.rel1.win32_1.1.0.202305231506/tools/bin/../lib/gcc/arm-none-eabi/11.3.1/../../../../arm-none-eabi/lib/thumb/v7e-m+fp/hard\libc_nano.a(libc_a-mlock.o)
                0x000000000800764c                __malloc_lock
 .text.__malloc_unlock
                0x0000000008007658        0xc C:/ST/STM32CubeIDE_1.13.1/STM32CubeIDE/plugins/com.st.stm32cube.ide.mcu.externaltools.gnu-tools-for-stm32.11.3.rel1.win32_1.1.0.202305231506/tools/bin/../lib/gcc/arm-none-eabi/11.3.1/../../../../arm-none-eabi/lib/thumb/v7e-m+fp/hard\libc_nano.a(libc_a-mlock.o)
                0x0000000008007658                __malloc_unlock
 *(.glue_7)
 .glue_7        0x0000000008007664        0x0 linker stubs
 *(.glue_7t)
 .glue_7t       0x0000000008007664        0x0 linker stubs
 *(.eh_frame)
 .eh_frame      0x0000000008007664        0x0 C:/ST/STM32CubeIDE_1.13.1/STM32CubeIDE/plugins/com.st.stm32cube.ide.mcu.externaltools.gnu-tools-for-stm32.11.3.rel1.win32_1.1.0.202305231506/tools/bin/../lib/gcc/arm-none-eabi/11.3.1/thumb/v7e-m+fp/hard/crtbegin.o
 *(.init)
 .init          0x0000000008007664        0x4 C:/ST/STM32CubeIDE_1.13.1/STM32CubeIDE/plugins/com.st.stm32cube.ide.mcu.externaltools.gnu-tools-for-stm32.11.3.rel1.win32_1.1.0.202305231506/tools/bin/../lib/gcc/arm-none-eabi/11.3.1/thumb/v7e-m+fp/hard/crti.o
                0x0000000008007664                _init
 .init          0x0000000008007668        0x8 C:/ST/STM32CubeIDE_1.13.1/STM32CubeIDE/plugins/com.st.stm32cube.ide.mcu.externaltools.gnu-tools-for-stm32.11.3.rel1.win32_1.1.0.202305231506/tools/bin/../lib/gcc/arm-none-eabi/11.3.1/thumb/v7e-m+fp/hard/crtn.o
 *(.fini)
 .fini          0x0000000008007670        0x4 C:/ST/STM32CubeIDE_1.13.1/STM32CubeIDE/plugins/com.st.stm32cube.ide.mcu.externaltools.gnu-tools-for-stm32.11.3.rel1.win32_1.1.0.202305231506/tools/bin/../lib/gcc/arm-none-eabi/11.3.1/thumb/v7e-m+fp/hard/crti.o
                0x0000000008007670                _fini
 .fini          0x0000000008007674        0x8 C:/ST/STM32CubeIDE_1.13.1/STM32CubeIDE/plugins/com.st.stm32cube.ide.mcu.externaltools.gnu-tools-for-stm32.11.3.rel1.win32_1.1.0.202305231506/tools/bin/../lib/gcc/arm-none-eabi/11.3.1/thumb/v7e-m+fp/hard/crtn.o
                0x000000000800767c                . = ALIGN (0x4)
                0x000000000800767c                _etext = .

.vfp11_veneer   0x000000000800767c        0x0
 .vfp11_veneer  0x000000000800767c        0x0 linker stubs

.v4_bx          0x000000000800767c        0x0
 .v4_bx         0x000000000800767c        0x0 linker stubs

.iplt           0x000000000800767c        0x0
 .iplt          0x000000000800767c        0x0 C:/ST/STM32CubeIDE_1.13.1/STM32CubeIDE/plugins/com.st.stm32cube.ide.mcu.externaltools.gnu-tools-for-stm32.11.3.rel1.win32_1.1.0.202305231506/tools/bin/../lib/gcc/arm-none-eabi/11.3.1/thumb/v7e-m+fp/hard/crtbegin.o

.rodata         0x000000000800767c       0xc0
                0x000000000800767c                . = ALIGN (0x4)
 *(.rodata)
 .rodata        0x000000000800767c       0xa0 ./Core/Src/main.o
 .rodata        0x000000000800771c        0x5 ./Middlewares/Third_Party/FreeRTOS/Source/tasks.o
 *(.rodata*)
 *fill*         0x0000000008007721        0x3 
 .rodata.AHBPrescTable
                0x0000000008007724       0x10 ./Core/Src/system_stm32f4xx.o
                0x0000000008007724                AHBPrescTable
 .rodata.APBPrescTable
                0x0000000008007734        0x8 ./Core/Src/system_stm32f4xx.o
                0x0000000008007734                APBPrescTable
                0x000000000800773c                . = ALIGN (0x4)

.ARM.extab      0x000000000800773c        0x0
                0x000000000800773c                . = ALIGN (0x4)
 *(.ARM.extab* .gnu.linkonce.armextab.*)
                0x000000000800773c                . = ALIGN (0x4)

.ARM            0x000000000800773c        0x8
                0x000000000800773c                . = ALIGN (0x4)
                0x000000000800773c                __exidx_start = .
 *(.ARM.exidx*)
 .ARM.exidx     0x000000000800773c        0x8 C:/ST/STM32CubeIDE_1.13.1/STM32CubeIDE/plugins/com.st.stm32cube.ide.mcu.externaltools.gnu-tools-for-stm32.11.3.rel1.win32_1.1.0.202305231506/tools/bin/../lib/gcc/arm-none-eabi/11.3.1/thumb/v7e-m+fp/hard\libgcc.a(_udivmoddi4.o)
                0x0000000008007744                __exidx_end = .
                0x0000000008007744                . = ALIGN (0x4)

.rel.dyn        0x0000000008007744        0x0
 .rel.iplt      0x0000000008007744        0x0 C:/ST/STM32CubeIDE_1.13.1/STM32CubeIDE/plugins/com.st.stm32cube.ide.mcu.externaltools.gnu-tools-for-stm32.11.3.rel1.win32_1.1.0.202305231506/tools/bin/../lib/gcc/arm-none-eabi/11.3.1/thumb/v7e-m+fp/hard/crtbegin.o

.preinit_array  0x0000000008007744        0x0
                0x0000000008007744                . = ALIGN (0x4)
                0x0000000008007744                PROVIDE (__preinit_array_start = .)
 *(.preinit_array*)
                0x0000000008007744                PROVIDE (__preinit_array_end = .)
                0x0000000008007744                . = ALIGN (0x4)

.init_array     0x0000000008007744        0x4
                0x0000000008007744                . = ALIGN (0x4)
                0x0000000008007744                PROVIDE (__init_array_start = .)
 *(SORT_BY_NAME(.init_array.*))
 *(.init_array*)
 .init_array    0x0000000008007744        0x4 C:/ST/STM32CubeIDE_1.13.1/STM32CubeIDE/plugins/com.st.stm32cube.ide.mcu.externaltools.gnu-tools-for-stm32.11.3.rel1.win32_1.1.0.202305231506/tools/bin/../lib/gcc/arm-none-eabi/11.3.1/thumb/v7e-m+fp/hard/crtbegin.o
                0x0000000008007748                PROVIDE (__init_array_end = .)
                0x0000000008007748                . = ALIGN (0x4)

.fini_array     0x0000000008007748        0x4
                0x0000000008007748                . = ALIGN (0x4)
                [!provide]                        PROVIDE (__fini_array_start = .)
 *(SORT_BY_NAME(.fini_array.*))
 *(.fini_array*)
 .fini_array    0x0000000008007748        0x4 C:/ST/STM32CubeIDE_1.13.1/STM32CubeIDE/plugins/com.st.stm32cube.ide.mcu.externaltools.gnu-tools-for-stm32.11.3.rel1.win32_1.1.0.202305231506/tools/bin/../lib/gcc/arm-none-eabi/11.3.1/thumb/v7e-m+fp/hard/crtbegin.o
                [!provide]                        PROVIDE (__fini_array_end = .)
                0x000000000800774c                . = ALIGN (0x4)
                0x000000000800774c                _sidata = LOADADDR (.data)

.data           0x0000000020000000       0x60 load address 0x000000000800774c
                0x0000000020000000                . = ALIGN (0x4)
                0x0000000020000000                _sdata = .
 *(.data)
 *(.data*)
 .data.SystemCoreClock
                0x0000000020000000        0x4 ./Core/Src/system_stm32f4xx.o
                0x0000000020000000                SystemCoreClock
 .data.uwTickPrio
                0x0000000020000004        0x4 ./Drivers/STM32F4xx_HAL_Driver/Src/stm32f4xx_hal.o
                0x0000000020000004                uwTickPrio
 .data.uwTickFreq
                0x0000000020000008        0x1 ./Drivers/STM32F4xx_HAL_Driver/Src/stm32f4xx_hal.o
                0x0000000020000008                uwTickFreq
 *fill*         0x0000000020000009        0x3 
 .data.uxCriticalNesting
                0x000000002000000c        0x4 ./Middlewares/Third_Party/FreeRTOS/Source/portable/GCC/ARM_CM4F/port.o
 .data._impure_data
                0x0000000020000010       0x4c C:/ST/STM32CubeIDE_1.13.1/STM32CubeIDE/plugins/com.st.stm32cube.ide.mcu.externaltools.gnu-tools-for-stm32.11.3.rel1.win32_1.1.0.202305231506/tools/bin/../lib/gcc/arm-none-eabi/11.3.1/../../../../arm-none-eabi/lib/thumb/v7e-m+fp/hard\libc_nano.a(libc_a-impure.o)
                0x0000000020000010                _impure_data
 .data._impure_ptr
                0x000000002000005c        0x4 C:/ST/STM32CubeIDE_1.13.1/STM32CubeIDE/plugins/com.st.stm32cube.ide.mcu.externaltools.gnu-tools-for-stm32.11.3.rel1.win32_1.1.0.202305231506/tools/bin/../lib/gcc/arm-none-eabi/11.3.1/../../../../arm-none-eabi/lib/thumb/v7e-m+fp/hard\libc_nano.a(libc_a-impure.o)
                0x000000002000005c                _impure_ptr
 *(.RamFunc)
 *(.RamFunc*)
                0x0000000020000060                . = ALIGN (0x4)
                0x0000000020000060                _edata = .
                0x00000000080077ac                _siccmram = LOADADDR (.ccmram)

.igot.plt       0x0000000020000060        0x0 load address 0x00000000080077ac
 .igot.plt      0x0000000020000060        0x0 C:/ST/STM32CubeIDE_1.13.1/STM32CubeIDE/plugins/com.st.stm32cube.ide.mcu.externaltools.gnu-tools-for-stm32.11.3.rel1.win32_1.1.0.202305231506/tools/bin/../lib/gcc/arm-none-eabi/11.3.1/thumb/v7e-m+fp/hard/crtbegin.o

.ccmram         0x0000000010000000        0x0 load address 0x00000000080077ac
                0x0000000010000000                . = ALIGN (0x4)
                0x0000000010000000                _sccmram = .
 *(.ccmram)
 *(.ccmram*)
                0x0000000010000000                . = ALIGN (0x4)
                0x0000000010000000                _eccmram = .
                0x0000000010000000                . = ALIGN (0x4)

.bss            0x0000000020000060     0x4458
                0x0000000020000060                _sbss = .
                0x0000000020000060                __bss_start__ = _sbss
 *(.bss)
 .bss           0x0000000020000060       0x1c C:/ST/STM32CubeIDE_1.13.1/STM32CubeIDE/plugins/com.st.stm32cube.ide.mcu.externaltools.gnu-tools-for-stm32.11.3.rel1.win32_1.1.0.202305231506/tools/bin/../lib/gcc/arm-none-eabi/11.3.1/thumb/v7e-m+fp/hard/crtbegin.o
 *(.bss*)
 .bss.xIdleTaskTCBBuffer
                0x000000002000007c       0xa0 ./Core/Src/freertos.o
 .bss.xIdleStack
                0x000000002000011c      0x200 ./Core/Src/freertos.o
 .bss.myLoRa    0x000000002000031c       0x2c ./Core/Src/main.o
                0x000000002000031c                myLoRa
 .bss.myLoRa_i  0x0000000020000348       0x2c ./Core/Src/main.o
                0x0000000020000348                myLoRa_i
 .bss.myLoRa_ii
                0x0000000020000374       0x2c ./Core/Src/main.o
                0x0000000020000374                myLoRa_ii
 .bss.myLoRa_iii
                0x00000000200003a0       0x2c ./Core/Src/main.o
                0x00000000200003a0                myLoRa_iii
 .bss.LoRa_stat
                0x00000000200003cc        0x1 ./Core/Src/main.o
                0x00000000200003cc                LoRa_stat
 .bss.LoRa_stat_i
                0x00000000200003cd        0x1 ./Core/Src/main.o
                0x00000000200003cd                LoRa_stat_i
 .bss.LoRa_stat_ii
                0x00000000200003ce        0x1 ./Core/Src/main.o
                0x00000000200003ce                LoRa_stat_ii
 .bss.LoRa_stat_iii
                0x00000000200003cf        0x1 ./Core/Src/main.o
                0x00000000200003cf                LoRa_stat_iii
 .bss.Packet_size
                0x00000000200003d0        0x1 ./Core/Src/main.o
                0x00000000200003d0                Packet_size
 .bss.Packet_size_i
                0x00000000200003d1        0x1 ./Core/Src/main.o
                0x00000000200003d1                Packet_size_i
 .bss.Packet_size_ii
                0x00000000200003d2        0x1 ./Core/Src/main.o
                0x00000000200003d2                Packet_size_ii
 .bss.Packet_size_iii
                0x00000000200003d3        0x1 ./Core/Src/main.o
                0x00000000200003d3                Packet_size_iii
 .bss.RxBuffer  0x00000000200003d4       0x14 ./Core/Src/main.o
                0x00000000200003d4                RxBuffer
 .bss.RxBuffer_i
                0x00000000200003e8       0x14 ./Core/Src/main.o
                0x00000000200003e8                RxBuffer_i
 .bss.RxBuffer_ii
                0x00000000200003fc       0x14 ./Core/Src/main.o
                0x00000000200003fc                RxBuffer_ii
 .bss.RxBuffer_iii
                0x0000000020000410       0x14 ./Core/Src/main.o
                0x0000000020000410                RxBuffer_iii
 .bss.hspi1     0x0000000020000424       0x58 ./Core/Src/main.o
                0x0000000020000424                hspi1
 .bss.hspi3     0x000000002000047c       0x58 ./Core/Src/main.o
                0x000000002000047c                hspi3
 .bss.hspi4     0x00000000200004d4       0x58 ./Core/Src/main.o
                0x00000000200004d4                hspi4
 .bss.hspi6     0x000000002000052c       0x58 ./Core/Src/main.o
                0x000000002000052c                hspi6
 .bss.huart3    0x0000000020000584       0x44 ./Core/Src/main.o
                0x0000000020000584                huart3
 .bss.Task1Handle
                0x00000000200005c8        0x4 ./Core/Src/main.o
                0x00000000200005c8                Task1Handle
 .bss.Task2Handle
                0x00000000200005cc        0x4 ./Core/Src/main.o
                0x00000000200005cc                Task2Handle
 .bss.Task3Handle
                0x00000000200005d0        0x4 ./Core/Src/main.o
                0x00000000200005d0                Task3Handle
 .bss.Task4Handle
                0x00000000200005d4        0x4 ./Core/Src/main.o
                0x00000000200005d4                Task4Handle
 .bss.htim1     0x00000000200005d8       0x48 ./Core/Src/stm32f4xx_hal_timebase_tim.o
                0x00000000200005d8                htim1
 .bss.uwTick    0x0000000020000620        0x4 ./Drivers/STM32F4xx_HAL_Driver/Src/stm32f4xx_hal.o
                0x0000000020000620                uwTick
 .bss.pxCurrentTCB
                0x0000000020000624        0x4 ./Middlewares/Third_Party/FreeRTOS/Source/tasks.o
                0x0000000020000624                pxCurrentTCB
 .bss.pxReadyTasksLists
                0x0000000020000628       0x8c ./Middlewares/Third_Party/FreeRTOS/Source/tasks.o
 .bss.xDelayedTaskList1
                0x00000000200006b4       0x14 ./Middlewares/Third_Party/FreeRTOS/Source/tasks.o
 .bss.xDelayedTaskList2
                0x00000000200006c8       0x14 ./Middlewares/Third_Party/FreeRTOS/Source/tasks.o
 .bss.pxDelayedTaskList
                0x00000000200006dc        0x4 ./Middlewares/Third_Party/FreeRTOS/Source/tasks.o
 .bss.pxOverflowDelayedTaskList
                0x00000000200006e0        0x4 ./Middlewares/Third_Party/FreeRTOS/Source/tasks.o
 .bss.xPendingReadyList
                0x00000000200006e4       0x14 ./Middlewares/Third_Party/FreeRTOS/Source/tasks.o
 .bss.xTasksWaitingTermination
                0x00000000200006f8       0x14 ./Middlewares/Third_Party/FreeRTOS/Source/tasks.o
 .bss.uxDeletedTasksWaitingCleanUp
                0x000000002000070c        0x4 ./Middlewares/Third_Party/FreeRTOS/Source/tasks.o
 .bss.xSuspendedTaskList
                0x0000000020000710       0x14 ./Middlewares/Third_Party/FreeRTOS/Source/tasks.o
 .bss.uxCurrentNumberOfTasks
                0x0000000020000724        0x4 ./Middlewares/Third_Party/FreeRTOS/Source/tasks.o
 .bss.xTickCount
                0x0000000020000728        0x4 ./Middlewares/Third_Party/FreeRTOS/Source/tasks.o
 .bss.uxTopReadyPriority
                0x000000002000072c        0x4 ./Middlewares/Third_Party/FreeRTOS/Source/tasks.o
 .bss.xSchedulerRunning
                0x0000000020000730        0x4 ./Middlewares/Third_Party/FreeRTOS/Source/tasks.o
 .bss.xPendedTicks
                0x0000000020000734        0x4 ./Middlewares/Third_Party/FreeRTOS/Source/tasks.o
 .bss.xYieldPending
                0x0000000020000738        0x4 ./Middlewares/Third_Party/FreeRTOS/Source/tasks.o
 .bss.xNumOfOverflows
                0x000000002000073c        0x4 ./Middlewares/Third_Party/FreeRTOS/Source/tasks.o
 .bss.uxTaskNumber
                0x0000000020000740        0x4 ./Middlewares/Third_Party/FreeRTOS/Source/tasks.o
 .bss.xNextTaskUnblockTime
                0x0000000020000744        0x4 ./Middlewares/Third_Party/FreeRTOS/Source/tasks.o
 .bss.xIdleTaskHandle
                0x0000000020000748        0x4 ./Middlewares/Third_Party/FreeRTOS/Source/tasks.o
 .bss.uxSchedulerSuspended
                0x000000002000074c        0x4 ./Middlewares/Third_Party/FreeRTOS/Source/tasks.o
 .bss.ucMaxSysCallPriority
                0x0000000020000750        0x1 ./Middlewares/Third_Party/FreeRTOS/Source/portable/GCC/ARM_CM4F/port.o
 *fill*         0x0000000020000751        0x3 
 .bss.ulMaxPRIGROUPValue
                0x0000000020000754        0x4 ./Middlewares/Third_Party/FreeRTOS/Source/portable/GCC/ARM_CM4F/port.o
 .bss.ucHeap    0x0000000020000758     0x3c00 ./Middlewares/Third_Party/FreeRTOS/Source/portable/MemMang/heap_4.o
 .bss.xStart    0x0000000020004358        0x8 ./Middlewares/Third_Party/FreeRTOS/Source/portable/MemMang/heap_4.o
 .bss.pxEnd     0x0000000020004360        0x4 ./Middlewares/Third_Party/FreeRTOS/Source/portable/MemMang/heap_4.o
 .bss.xFreeBytesRemaining
                0x0000000020004364        0x4 ./Middlewares/Third_Party/FreeRTOS/Source/portable/MemMang/heap_4.o
 .bss.xMinimumEverFreeBytesRemaining
                0x0000000020004368        0x4 ./Middlewares/Third_Party/FreeRTOS/Source/portable/MemMang/heap_4.o
 .bss.xNumberOfSuccessfulAllocations
                0x000000002000436c        0x4 ./Middlewares/Third_Party/FreeRTOS/Source/portable/MemMang/heap_4.o
 .bss.xNumberOfSuccessfulFrees
                0x0000000020004370        0x4 ./Middlewares/Third_Party/FreeRTOS/Source/portable/MemMang/heap_4.o
 .bss.xBlockAllocatedBit
                0x0000000020004374        0x4 ./Middlewares/Third_Party/FreeRTOS/Source/portable/MemMang/heap_4.o
 .bss.__sf      0x0000000020004378      0x138 C:/ST/STM32CubeIDE_1.13.1/STM32CubeIDE/plugins/com.st.stm32cube.ide.mcu.externaltools.gnu-tools-for-stm32.11.3.rel1.win32_1.1.0.202305231506/tools/bin/../lib/gcc/arm-none-eabi/11.3.1/../../../../arm-none-eabi/lib/thumb/v7e-m+fp/hard\libc_nano.a(libc_a-findfp.o)
                0x0000000020004378                __sf
 .bss.__lock___malloc_recursive_mutex
                0x00000000200044b0        0x1 C:/ST/STM32CubeIDE_1.13.1/STM32CubeIDE/plugins/com.st.stm32cube.ide.mcu.externaltools.gnu-tools-for-stm32.11.3.rel1.win32_1.1.0.202305231506/tools/bin/../lib/gcc/arm-none-eabi/11.3.1/../../../../arm-none-eabi/lib/thumb/v7e-m+fp/hard\libc_nano.a(libc_a-lock.o)
                0x00000000200044b0                __lock___malloc_recursive_mutex
 *fill*         0x00000000200044b1        0x3 
 .bss.__malloc_free_list
                0x00000000200044b4        0x4 C:/ST/STM32CubeIDE_1.13.1/STM32CubeIDE/plugins/com.st.stm32cube.ide.mcu.externaltools.gnu-tools-for-stm32.11.3.rel1.win32_1.1.0.202305231506/tools/bin/../lib/gcc/arm-none-eabi/11.3.1/../../../../arm-none-eabi/lib/thumb/v7e-m+fp/hard\libc_nano.a(libc_a-mallocr.o)
                0x00000000200044b4                __malloc_free_list
 *(COMMON)
                0x00000000200044b8                . = ALIGN (0x4)
                0x00000000200044b8                _ebss = .
                0x00000000200044b8                __bss_end__ = _ebss

._user_heap_stack
                0x00000000200044b8      0x600
                0x00000000200044b8                . = ALIGN (0x8)
                [!provide]                        PROVIDE (end = .)
                0x00000000200044b8                PROVIDE (_end = .)
                0x00000000200046b8                . = (. + _Min_Heap_Size)
 *fill*         0x00000000200044b8      0x200 
                0x0000000020004ab8                . = (. + _Min_Stack_Size)
 *fill*         0x00000000200046b8      0x400 
                0x0000000020004ab8                . = ALIGN (0x8)

/DISCARD/
 libc.a(*)
 libm.a(*)
 libgcc.a(*)

.ARM.attributes
                0x0000000000000000       0x30
 *(.ARM.attributes)
 .ARM.attributes
                0x0000000000000000       0x1e C:/ST/STM32CubeIDE_1.13.1/STM32CubeIDE/plugins/com.st.stm32cube.ide.mcu.externaltools.gnu-tools-for-stm32.11.3.rel1.win32_1.1.0.202305231506/tools/bin/../lib/gcc/arm-none-eabi/11.3.1/thumb/v7e-m+fp/hard/crti.o
 .ARM.attributes
                0x000000000000001e       0x34 C:/ST/STM32CubeIDE_1.13.1/STM32CubeIDE/plugins/com.st.stm32cube.ide.mcu.externaltools.gnu-tools-for-stm32.11.3.rel1.win32_1.1.0.202305231506/tools/bin/../lib/gcc/arm-none-eabi/11.3.1/thumb/v7e-m+fp/hard/crtbegin.o
 .ARM.attributes
                0x0000000000000052       0x34 ./Core/Src/LoRa.o
 .ARM.attributes
                0x0000000000000086       0x34 ./Core/Src/LoRa_i.o
 .ARM.attributes
                0x00000000000000ba       0x34 ./Core/Src/LoRa_ii.o
 .ARM.attributes
                0x00000000000000ee       0x34 ./Core/Src/LoRa_iii.o
 .ARM.attributes
                0x0000000000000122       0x34 ./Core/Src/freertos.o
 .ARM.attributes
                0x0000000000000156       0x34 ./Core/Src/main.o
 .ARM.attributes
                0x000000000000018a       0x34 ./Core/Src/stm32f4xx_hal_msp.o
 .ARM.attributes
                0x00000000000001be       0x34 ./Core/Src/stm32f4xx_hal_timebase_tim.o
 .ARM.attributes
                0x00000000000001f2       0x34 ./Core/Src/stm32f4xx_it.o
 .ARM.attributes
                0x0000000000000226       0x34 ./Core/Src/system_stm32f4xx.o
 .ARM.attributes
                0x000000000000025a       0x21 ./Core/Startup/startup_stm32f429zitx.o
 .ARM.attributes
                0x000000000000027b       0x34 ./Drivers/STM32F4xx_HAL_Driver/Src/stm32f4xx_hal.o
 .ARM.attributes
                0x00000000000002af       0x34 ./Drivers/STM32F4xx_HAL_Driver/Src/stm32f4xx_hal_cortex.o
 .ARM.attributes
                0x00000000000002e3       0x34 ./Drivers/STM32F4xx_HAL_Driver/Src/stm32f4xx_hal_dma.o
 .ARM.attributes
                0x0000000000000317       0x34 ./Drivers/STM32F4xx_HAL_Driver/Src/stm32f4xx_hal_gpio.o
 .ARM.attributes
                0x000000000000034b       0x34 ./Drivers/STM32F4xx_HAL_Driver/Src/stm32f4xx_hal_pwr_ex.o
 .ARM.attributes
                0x000000000000037f       0x34 ./Drivers/STM32F4xx_HAL_Driver/Src/stm32f4xx_hal_rcc.o
 .ARM.attributes
                0x00000000000003b3       0x34 ./Drivers/STM32F4xx_HAL_Driver/Src/stm32f4xx_hal_spi.o
 .ARM.attributes
                0x00000000000003e7       0x34 ./Drivers/STM32F4xx_HAL_Driver/Src/stm32f4xx_hal_tim.o
 .ARM.attributes
                0x000000000000041b       0x34 ./Drivers/STM32F4xx_HAL_Driver/Src/stm32f4xx_hal_tim_ex.o
 .ARM.attributes
                0x000000000000044f       0x34 ./Drivers/STM32F4xx_HAL_Driver/Src/stm32f4xx_hal_uart.o
 .ARM.attributes
                0x0000000000000483       0x34 ./Middlewares/Third_Party/FreeRTOS/Source/CMSIS_RTOS/cmsis_os.o
 .ARM.attributes
                0x00000000000004b7       0x34 ./Middlewares/Third_Party/FreeRTOS/Source/list.o
 .ARM.attributes
                0x00000000000004eb       0x34 ./Middlewares/Third_Party/FreeRTOS/Source/tasks.o
 .ARM.attributes
                0x000000000000051f       0x34 ./Middlewares/Third_Party/FreeRTOS/Source/portable/GCC/ARM_CM4F/port.o
 .ARM.attributes
                0x0000000000000553       0x34 ./Middlewares/Third_Party/FreeRTOS/Source/portable/MemMang/heap_4.o
 .ARM.attributes
                0x0000000000000587       0x34 C:/ST/STM32CubeIDE_1.13.1/STM32CubeIDE/plugins/com.st.stm32cube.ide.mcu.externaltools.gnu-tools-for-stm32.11.3.rel1.win32_1.1.0.202305231506/tools/bin/../lib/gcc/arm-none-eabi/11.3.1/../../../../arm-none-eabi/lib/thumb/v7e-m+fp/hard\libc_nano.a(libc_a-findfp.o)
 .ARM.attributes
                0x00000000000005bb       0x34 C:/ST/STM32CubeIDE_1.13.1/STM32CubeIDE/plugins/com.st.stm32cube.ide.mcu.externaltools.gnu-tools-for-stm32.11.3.rel1.win32_1.1.0.202305231506/tools/bin/../lib/gcc/arm-none-eabi/11.3.1/../../../../arm-none-eabi/lib/thumb/v7e-m+fp/hard\libc_nano.a(libc_a-memset.o)
 .ARM.attributes
                0x00000000000005ef       0x34 C:/ST/STM32CubeIDE_1.13.1/STM32CubeIDE/plugins/com.st.stm32cube.ide.mcu.externaltools.gnu-tools-for-stm32.11.3.rel1.win32_1.1.0.202305231506/tools/bin/../lib/gcc/arm-none-eabi/11.3.1/../../../../arm-none-eabi/lib/thumb/v7e-m+fp/hard\libc_nano.a(libc_a-reent.o)
 .ARM.attributes
                0x0000000000000623       0x34 C:/ST/STM32CubeIDE_1.13.1/STM32CubeIDE/plugins/com.st.stm32cube.ide.mcu.externaltools.gnu-tools-for-stm32.11.3.rel1.win32_1.1.0.202305231506/tools/bin/../lib/gcc/arm-none-eabi/11.3.1/../../../../arm-none-eabi/lib/thumb/v7e-m+fp/hard\libc_nano.a(libc_a-impure.o)
 .ARM.attributes
                0x0000000000000657       0x34 C:/ST/STM32CubeIDE_1.13.1/STM32CubeIDE/plugins/com.st.stm32cube.ide.mcu.externaltools.gnu-tools-for-stm32.11.3.rel1.win32_1.1.0.202305231506/tools/bin/../lib/gcc/arm-none-eabi/11.3.1/../../../../arm-none-eabi/lib/thumb/v7e-m+fp/hard\libc_nano.a(libc_a-init.o)
 .ARM.attributes
                0x000000000000068b       0x34 C:/ST/STM32CubeIDE_1.13.1/STM32CubeIDE/plugins/com.st.stm32cube.ide.mcu.externaltools.gnu-tools-for-stm32.11.3.rel1.win32_1.1.0.202305231506/tools/bin/../lib/gcc/arm-none-eabi/11.3.1/../../../../arm-none-eabi/lib/thumb/v7e-m+fp/hard\libc_nano.a(libc_a-lock.o)
 .ARM.attributes
                0x00000000000006bf       0x34 C:/ST/STM32CubeIDE_1.13.1/STM32CubeIDE/plugins/com.st.stm32cube.ide.mcu.externaltools.gnu-tools-for-stm32.11.3.rel1.win32_1.1.0.202305231506/tools/bin/../lib/gcc/arm-none-eabi/11.3.1/../../../../arm-none-eabi/lib/thumb/v7e-m+fp/hard\libc_nano.a(libc_a-freer.o)
 .ARM.attributes
                0x00000000000006f3       0x34 C:/ST/STM32CubeIDE_1.13.1/STM32CubeIDE/plugins/com.st.stm32cube.ide.mcu.externaltools.gnu-tools-for-stm32.11.3.rel1.win32_1.1.0.202305231506/tools/bin/../lib/gcc/arm-none-eabi/11.3.1/../../../../arm-none-eabi/lib/thumb/v7e-m+fp/hard\libc_nano.a(libc_a-mallocr.o)
 .ARM.attributes
                0x0000000000000727       0x34 C:/ST/STM32CubeIDE_1.13.1/STM32CubeIDE/plugins/com.st.stm32cube.ide.mcu.externaltools.gnu-tools-for-stm32.11.3.rel1.win32_1.1.0.202305231506/tools/bin/../lib/gcc/arm-none-eabi/11.3.1/../../../../arm-none-eabi/lib/thumb/v7e-m+fp/hard\libc_nano.a(libc_a-mlock.o)
 .ARM.attributes
                0x000000000000075b       0x1e C:/ST/STM32CubeIDE_1.13.1/STM32CubeIDE/plugins/com.st.stm32cube.ide.mcu.externaltools.gnu-tools-for-stm32.11.3.rel1.win32_1.1.0.202305231506/tools/bin/../lib/gcc/arm-none-eabi/11.3.1/thumb/v7e-m+fp/hard\libgcc.a(_aeabi_uldivmod.o)
 .ARM.attributes
                0x0000000000000779       0x34 C:/ST/STM32CubeIDE_1.13.1/STM32CubeIDE/plugins/com.st.stm32cube.ide.mcu.externaltools.gnu-tools-for-stm32.11.3.rel1.win32_1.1.0.202305231506/tools/bin/../lib/gcc/arm-none-eabi/11.3.1/thumb/v7e-m+fp/hard\libgcc.a(_udivmoddi4.o)
 .ARM.attributes
                0x00000000000007ad       0x1e C:/ST/STM32CubeIDE_1.13.1/STM32CubeIDE/plugins/com.st.stm32cube.ide.mcu.externaltools.gnu-tools-for-stm32.11.3.rel1.win32_1.1.0.202305231506/tools/bin/../lib/gcc/arm-none-eabi/11.3.1/thumb/v7e-m+fp/hard\libgcc.a(_dvmd_tls.o)
 .ARM.attributes
                0x00000000000007cb       0x1e C:/ST/STM32CubeIDE_1.13.1/STM32CubeIDE/plugins/com.st.stm32cube.ide.mcu.externaltools.gnu-tools-for-stm32.11.3.rel1.win32_1.1.0.202305231506/tools/bin/../lib/gcc/arm-none-eabi/11.3.1/thumb/v7e-m+fp/hard/crtn.o
OUTPUT(LoRa_Gateway_STM32F429_FreeRTOS_Max_SPI_Channel.elf elf32-littlearm)
LOAD linker stubs
LOAD C:/ST/STM32CubeIDE_1.13.1/STM32CubeIDE/plugins/com.st.stm32cube.ide.mcu.externaltools.gnu-tools-for-stm32.11.3.rel1.win32_1.1.0.202305231506/tools/bin/../lib/gcc/arm-none-eabi/11.3.1/../../../../arm-none-eabi/lib/thumb/v7e-m+fp/hard\libc.a
LOAD C:/ST/STM32CubeIDE_1.13.1/STM32CubeIDE/plugins/com.st.stm32cube.ide.mcu.externaltools.gnu-tools-for-stm32.11.3.rel1.win32_1.1.0.202305231506/tools/bin/../lib/gcc/arm-none-eabi/11.3.1/../../../../arm-none-eabi/lib/thumb/v7e-m+fp/hard\libm.a
LOAD C:/ST/STM32CubeIDE_1.13.1/STM32CubeIDE/plugins/com.st.stm32cube.ide.mcu.externaltools.gnu-tools-for-stm32.11.3.rel1.win32_1.1.0.202305231506/tools/bin/../lib/gcc/arm-none-eabi/11.3.1/thumb/v7e-m+fp/hard\libgcc.a

.comment        0x0000000000000000       0x43
 .comment       0x0000000000000000       0x43 C:/ST/STM32CubeIDE_1.13.1/STM32CubeIDE/plugins/com.st.stm32cube.ide.mcu.externaltools.gnu-tools-for-stm32.11.3.rel1.win32_1.1.0.202305231506/tools/bin/../lib/gcc/arm-none-eabi/11.3.1/thumb/v7e-m+fp/hard/crtbegin.o
                                         0x44 (size before relaxing)
 .comment       0x0000000000000043       0x44 ./Core/Src/LoRa.o
 .comment       0x0000000000000043       0x44 ./Core/Src/LoRa_i.o
 .comment       0x0000000000000043       0x44 ./Core/Src/LoRa_ii.o
 .comment       0x0000000000000043       0x44 ./Core/Src/LoRa_iii.o
 .comment       0x0000000000000043       0x44 ./Core/Src/freertos.o
 .comment       0x0000000000000043       0x44 ./Core/Src/main.o
 .comment       0x0000000000000043       0x44 ./Core/Src/stm32f4xx_hal_msp.o
 .comment       0x0000000000000043       0x44 ./Core/Src/stm32f4xx_hal_timebase_tim.o
 .comment       0x0000000000000043       0x44 ./Core/Src/stm32f4xx_it.o
 .comment       0x0000000000000043       0x44 ./Core/Src/system_stm32f4xx.o
 .comment       0x0000000000000043       0x44 ./Drivers/STM32F4xx_HAL_Driver/Src/stm32f4xx_hal.o
 .comment       0x0000000000000043       0x44 ./Drivers/STM32F4xx_HAL_Driver/Src/stm32f4xx_hal_cortex.o
 .comment       0x0000000000000043       0x44 ./Drivers/STM32F4xx_HAL_Driver/Src/stm32f4xx_hal_dma.o
 .comment       0x0000000000000043       0x44 ./Drivers/STM32F4xx_HAL_Driver/Src/stm32f4xx_hal_gpio.o
 .comment       0x0000000000000043       0x44 ./Drivers/STM32F4xx_HAL_Driver/Src/stm32f4xx_hal_pwr_ex.o
 .comment       0x0000000000000043       0x44 ./Drivers/STM32F4xx_HAL_Driver/Src/stm32f4xx_hal_rcc.o
 .comment       0x0000000000000043       0x44 ./Drivers/STM32F4xx_HAL_Driver/Src/stm32f4xx_hal_spi.o
 .comment       0x0000000000000043       0x44 ./Drivers/STM32F4xx_HAL_Driver/Src/stm32f4xx_hal_tim.o
 .comment       0x0000000000000043       0x44 ./Drivers/STM32F4xx_HAL_Driver/Src/stm32f4xx_hal_tim_ex.o
 .comment       0x0000000000000043       0x44 ./Drivers/STM32F4xx_HAL_Driver/Src/stm32f4xx_hal_uart.o
 .comment       0x0000000000000043       0x44 ./Middlewares/Third_Party/FreeRTOS/Source/CMSIS_RTOS/cmsis_os.o
 .comment       0x0000000000000043       0x44 ./Middlewares/Third_Party/FreeRTOS/Source/list.o
 .comment       0x0000000000000043       0x44 ./Middlewares/Third_Party/FreeRTOS/Source/tasks.o
 .comment       0x0000000000000043       0x44 ./Middlewares/Third_Party/FreeRTOS/Source/portable/GCC/ARM_CM4F/port.o
 .comment       0x0000000000000043       0x44 ./Middlewares/Third_Party/FreeRTOS/Source/portable/MemMang/heap_4.o

.debug_info     0x0000000000000000    0x19d3e
 .debug_info    0x0000000000000000      0xd92 ./Core/Src/LoRa.o
 .debug_info    0x0000000000000d92      0xd8e ./Core/Src/LoRa_i.o
 .debug_info    0x0000000000001b20      0xd8e ./Core/Src/LoRa_ii.o
 .debug_info    0x00000000000028ae      0xd8e ./Core/Src/LoRa_iii.o
 .debug_info    0x000000000000363c      0x918 ./Core/Src/freertos.o
 .debug_info    0x0000000000003f54     0x2407 ./Core/Src/main.o
 .debug_info    0x000000000000635b      0xf29 ./Core/Src/stm32f4xx_hal_msp.o
 .debug_info    0x0000000000007284      0xc32 ./Core/Src/stm32f4xx_hal_timebase_tim.o
 .debug_info    0x0000000000007eb6      0xc29 ./Core/Src/stm32f4xx_it.o
 .debug_info    0x0000000000008adf      0x52e ./Core/Src/system_stm32f4xx.o
 .debug_info    0x000000000000900d       0x23 ./Core/Startup/startup_stm32f429zitx.o
 .debug_info    0x0000000000009030      0x9be ./Drivers/STM32F4xx_HAL_Driver/Src/stm32f4xx_hal.o
 .debug_info    0x00000000000099ee      0xd7c ./Drivers/STM32F4xx_HAL_Driver/Src/stm32f4xx_hal_cortex.o
 .debug_info    0x000000000000a76a      0x8e7 ./Drivers/STM32F4xx_HAL_Driver/Src/stm32f4xx_hal_dma.o
 .debug_info    0x000000000000b051      0x6db ./Drivers/STM32F4xx_HAL_Driver/Src/stm32f4xx_hal_gpio.o
 .debug_info    0x000000000000b72c      0x6be ./Drivers/STM32F4xx_HAL_Driver/Src/stm32f4xx_hal_pwr_ex.o
 .debug_info    0x000000000000bdea      0x8c9 ./Drivers/STM32F4xx_HAL_Driver/Src/stm32f4xx_hal_rcc.o
 .debug_info    0x000000000000c6b3     0x15fb ./Drivers/STM32F4xx_HAL_Driver/Src/stm32f4xx_hal_spi.o
 .debug_info    0x000000000000dcae     0x2948 ./Drivers/STM32F4xx_HAL_Driver/Src/stm32f4xx_hal_tim.o
 .debug_info    0x00000000000105f6     0x14ae ./Drivers/STM32F4xx_HAL_Driver/Src/stm32f4xx_hal_tim_ex.o
 .debug_info    0x0000000000011aa4     0x2fb8 ./Drivers/STM32F4xx_HAL_Driver/Src/stm32f4xx_hal_uart.o
 .debug_info    0x0000000000014a5c     0x2211 ./Middlewares/Third_Party/FreeRTOS/Source/CMSIS_RTOS/cmsis_os.o
 .debug_info    0x0000000000016c6d      0x2af ./Middlewares/Third_Party/FreeRTOS/Source/list.o
 .debug_info    0x0000000000016f1c     0x246f ./Middlewares/Third_Party/FreeRTOS/Source/tasks.o
 .debug_info    0x000000000001938b      0x4de ./Middlewares/Third_Party/FreeRTOS/Source/portable/GCC/ARM_CM4F/port.o
 .debug_info    0x0000000000019869      0x4d5 ./Middlewares/Third_Party/FreeRTOS/Source/portable/MemMang/heap_4.o

.debug_abbrev   0x0000000000000000     0x3b0e
 .debug_abbrev  0x0000000000000000      0x26e ./Core/Src/LoRa.o
 .debug_abbrev  0x000000000000026e      0x26e ./Core/Src/LoRa_i.o
 .debug_abbrev  0x00000000000004dc      0x26e ./Core/Src/LoRa_ii.o
 .debug_abbrev  0x000000000000074a      0x26e ./Core/Src/LoRa_iii.o
 .debug_abbrev  0x00000000000009b8      0x16f ./Core/Src/freertos.o
 .debug_abbrev  0x0000000000000b27      0x355 ./Core/Src/main.o
 .debug_abbrev  0x0000000000000e7c      0x20e ./Core/Src/stm32f4xx_hal_msp.o
 .debug_abbrev  0x000000000000108a      0x1f4 ./Core/Src/stm32f4xx_hal_timebase_tim.o
 .debug_abbrev  0x000000000000127e      0x19a ./Core/Src/stm32f4xx_it.o
 .debug_abbrev  0x0000000000001418      0x11a ./Core/Src/system_stm32f4xx.o
 .debug_abbrev  0x0000000000001532       0x12 ./Core/Startup/startup_stm32f429zitx.o
 .debug_abbrev  0x0000000000001544      0x213 ./Drivers/STM32F4xx_HAL_Driver/Src/stm32f4xx_hal.o
 .debug_abbrev  0x0000000000001757      0x327 ./Drivers/STM32F4xx_HAL_Driver/Src/stm32f4xx_hal_cortex.o
 .debug_abbrev  0x0000000000001a7e      0x264 ./Drivers/STM32F4xx_HAL_Driver/Src/stm32f4xx_hal_dma.o
 .debug_abbrev  0x0000000000001ce2      0x1d4 ./Drivers/STM32F4xx_HAL_Driver/Src/stm32f4xx_hal_gpio.o
 .debug_abbrev  0x0000000000001eb6      0x1cf ./Drivers/STM32F4xx_HAL_Driver/Src/stm32f4xx_hal_pwr_ex.o
 .debug_abbrev  0x0000000000002085      0x2b6 ./Drivers/STM32F4xx_HAL_Driver/Src/stm32f4xx_hal_rcc.o
 .debug_abbrev  0x000000000000233b      0x284 ./Drivers/STM32F4xx_HAL_Driver/Src/stm32f4xx_hal_spi.o
 .debug_abbrev  0x00000000000025bf      0x271 ./Drivers/STM32F4xx_HAL_Driver/Src/stm32f4xx_hal_tim.o
 .debug_abbrev  0x0000000000002830      0x27c ./Drivers/STM32F4xx_HAL_Driver/Src/stm32f4xx_hal_tim_ex.o
 .debug_abbrev  0x0000000000002aac      0x30e ./Drivers/STM32F4xx_HAL_Driver/Src/stm32f4xx_hal_uart.o
 .debug_abbrev  0x0000000000002dba      0x416 ./Middlewares/Third_Party/FreeRTOS/Source/CMSIS_RTOS/cmsis_os.o
 .debug_abbrev  0x00000000000031d0       0xf5 ./Middlewares/Third_Party/FreeRTOS/Source/list.o
 .debug_abbrev  0x00000000000032c5      0x3d0 ./Middlewares/Third_Party/FreeRTOS/Source/tasks.o
 .debug_abbrev  0x0000000000003695      0x25c ./Middlewares/Third_Party/FreeRTOS/Source/portable/GCC/ARM_CM4F/port.o
 .debug_abbrev  0x00000000000038f1      0x21d ./Middlewares/Third_Party/FreeRTOS/Source/portable/MemMang/heap_4.o

.debug_aranges  0x0000000000000000     0x1640
 .debug_aranges
                0x0000000000000000       0xb0 ./Core/Src/LoRa.o
 .debug_aranges
                0x00000000000000b0       0xb0 ./Core/Src/LoRa_i.o
 .debug_aranges
                0x0000000000000160       0xb0 ./Core/Src/LoRa_ii.o
 .debug_aranges
                0x0000000000000210       0xb0 ./Core/Src/LoRa_iii.o
 .debug_aranges
                0x00000000000002c0       0x20 ./Core/Src/freertos.o
 .debug_aranges
                0x00000000000002e0       0x88 ./Core/Src/main.o
 .debug_aranges
                0x0000000000000368       0x40 ./Core/Src/stm32f4xx_hal_msp.o
 .debug_aranges
                0x00000000000003a8       0x30 ./Core/Src/stm32f4xx_hal_timebase_tim.o
 .debug_aranges
                0x00000000000003d8       0x78 ./Core/Src/stm32f4xx_it.o
 .debug_aranges
                0x0000000000000450       0x28 ./Core/Src/system_stm32f4xx.o
 .debug_aranges
                0x0000000000000478       0x28 ./Core/Startup/startup_stm32f429zitx.o
 .debug_aranges
                0x00000000000004a0      0x100 ./Drivers/STM32F4xx_HAL_Driver/Src/stm32f4xx_hal.o
 .debug_aranges
                0x00000000000005a0      0x118 ./Drivers/STM32F4xx_HAL_Driver/Src/stm32f4xx_hal_cortex.o
 .debug_aranges
                0x00000000000006b8       0x90 ./Drivers/STM32F4xx_HAL_Driver/Src/stm32f4xx_hal_dma.o
 .debug_aranges
                0x0000000000000748       0x58 ./Drivers/STM32F4xx_HAL_Driver/Src/stm32f4xx_hal_gpio.o
 .debug_aranges
                0x00000000000007a0       0x60 ./Drivers/STM32F4xx_HAL_Driver/Src/stm32f4xx_hal_pwr_ex.o
 .debug_aranges
                0x0000000000000800       0x88 ./Drivers/STM32F4xx_HAL_Driver/Src/stm32f4xx_hal_rcc.o
 .debug_aranges
                0x0000000000000888      0x1d0 ./Drivers/STM32F4xx_HAL_Driver/Src/stm32f4xx_hal_spi.o
 .debug_aranges
                0x0000000000000a58      0x3d0 ./Drivers/STM32F4xx_HAL_Driver/Src/stm32f4xx_hal_tim.o
 .debug_aranges
                0x0000000000000e28      0x168 ./Drivers/STM32F4xx_HAL_Driver/Src/stm32f4xx_hal_tim_ex.o
 .debug_aranges
                0x0000000000000f90      0x200 ./Drivers/STM32F4xx_HAL_Driver/Src/stm32f4xx_hal_uart.o
 .debug_aranges
                0x0000000000001190      0x1d8 ./Middlewares/Third_Party/FreeRTOS/Source/CMSIS_RTOS/cmsis_os.o
 .debug_aranges
                0x0000000000001368       0x40 ./Middlewares/Third_Party/FreeRTOS/Source/list.o
 .debug_aranges
                0x00000000000013a8      0x1c0 ./Middlewares/Third_Party/FreeRTOS/Source/tasks.o
 .debug_aranges
                0x0000000000001568       0x80 ./Middlewares/Third_Party/FreeRTOS/Source/portable/GCC/ARM_CM4F/port.o
 .debug_aranges
                0x00000000000015e8       0x58 ./Middlewares/Third_Party/FreeRTOS/Source/portable/MemMang/heap_4.o

.debug_rnglists
                0x0000000000000000     0x1141
 .debug_rnglists
                0x0000000000000000       0x84 ./Core/Src/LoRa.o
 .debug_rnglists
                0x0000000000000084       0x84 ./Core/Src/LoRa_i.o
 .debug_rnglists
                0x0000000000000108       0x84 ./Core/Src/LoRa_ii.o
 .debug_rnglists
                0x000000000000018c       0x84 ./Core/Src/LoRa_iii.o
 .debug_rnglists
                0x0000000000000210       0x13 ./Core/Src/freertos.o
 .debug_rnglists
                0x0000000000000223       0x64 ./Core/Src/main.o
 .debug_rnglists
                0x0000000000000287       0x2e ./Core/Src/stm32f4xx_hal_msp.o
 .debug_rnglists
                0x00000000000002b5       0x20 ./Core/Src/stm32f4xx_hal_timebase_tim.o
 .debug_rnglists
                0x00000000000002d5       0x55 ./Core/Src/stm32f4xx_it.o
 .debug_rnglists
                0x000000000000032a       0x1a ./Core/Src/system_stm32f4xx.o
 .debug_rnglists
                0x0000000000000344       0x19 ./Core/Startup/startup_stm32f429zitx.o
 .debug_rnglists
                0x000000000000035d       0xbb ./Drivers/STM32F4xx_HAL_Driver/Src/stm32f4xx_hal.o
 .debug_rnglists
                0x0000000000000418       0xce ./Drivers/STM32F4xx_HAL_Driver/Src/stm32f4xx_hal_cortex.o
 .debug_rnglists
                0x00000000000004e6       0x70 ./Drivers/STM32F4xx_HAL_Driver/Src/stm32f4xx_hal_dma.o
 .debug_rnglists
                0x0000000000000556       0x3f ./Drivers/STM32F4xx_HAL_Driver/Src/stm32f4xx_hal_gpio.o
 .debug_rnglists
                0x0000000000000595       0x47 ./Drivers/STM32F4xx_HAL_Driver/Src/stm32f4xx_hal_pwr_ex.o
 .debug_rnglists
                0x00000000000005dc       0x66 ./Drivers/STM32F4xx_HAL_Driver/Src/stm32f4xx_hal_rcc.o
 .debug_rnglists
                0x0000000000000642      0x16f ./Drivers/STM32F4xx_HAL_Driver/Src/stm32f4xx_hal_spi.o
 .debug_rnglists
                0x00000000000007b1      0x31a ./Drivers/STM32F4xx_HAL_Driver/Src/stm32f4xx_hal_tim.o
 .debug_rnglists
                0x0000000000000acb      0x125 ./Drivers/STM32F4xx_HAL_Driver/Src/stm32f4xx_hal_tim_ex.o
 .debug_rnglists
                0x0000000000000bf0      0x1b7 ./Drivers/STM32F4xx_HAL_Driver/Src/stm32f4xx_hal_uart.o
 .debug_rnglists
                0x0000000000000da7      0x16a ./Middlewares/Third_Party/FreeRTOS/Source/CMSIS_RTOS/cmsis_os.o
 .debug_rnglists
                0x0000000000000f11       0x2b ./Middlewares/Third_Party/FreeRTOS/Source/list.o
 .debug_rnglists
                0x0000000000000f3c      0x166 ./Middlewares/Third_Party/FreeRTOS/Source/tasks.o
 .debug_rnglists
                0x00000000000010a2       0x5d ./Middlewares/Third_Party/FreeRTOS/Source/portable/GCC/ARM_CM4F/port.o
 .debug_rnglists
                0x00000000000010ff       0x42 ./Middlewares/Third_Party/FreeRTOS/Source/portable/MemMang/heap_4.o

.debug_macro    0x0000000000000000    0x268dc
 .debug_macro   0x0000000000000000      0x1f6 ./Core/Src/LoRa.o
 .debug_macro   0x00000000000001f6      0xaa8 ./Core/Src/LoRa.o
 .debug_macro   0x0000000000000c9e      0x2a1 ./Core/Src/LoRa.o
 .debug_macro   0x0000000000000f3f       0x2e ./Core/Src/LoRa.o
 .debug_macro   0x0000000000000f6d       0x28 ./Core/Src/LoRa.o
 .debug_macro   0x0000000000000f95       0x22 ./Core/Src/LoRa.o
 .debug_macro   0x0000000000000fb7       0x8e ./Core/Src/LoRa.o
 .debug_macro   0x0000000000001045       0x51 ./Core/Src/LoRa.o
 .debug_macro   0x0000000000001096      0x103 ./Core/Src/LoRa.o
 .debug_macro   0x0000000000001199       0x6a ./Core/Src/LoRa.o
 .debug_macro   0x0000000000001203      0x1df ./Core/Src/LoRa.o
 .debug_macro   0x00000000000013e2       0x1c ./Core/Src/LoRa.o
 .debug_macro   0x00000000000013fe       0x22 ./Core/Src/LoRa.o
 .debug_macro   0x0000000000001420       0xd9 ./Core/Src/LoRa.o
 .debug_macro   0x00000000000014f9     0x102d ./Core/Src/LoRa.o
 .debug_macro   0x0000000000002526      0x11f ./Core/Src/LoRa.o
 .debug_macro   0x0000000000002645    0x17fc0 ./Core/Src/LoRa.o
 .debug_macro   0x000000000001a605       0x6d ./Core/Src/LoRa.o
 .debug_macro   0x000000000001a672     0x36f5 ./Core/Src/LoRa.o
 .debug_macro   0x000000000001dd67      0x174 ./Core/Src/LoRa.o
 .debug_macro   0x000000000001dedb       0x5c ./Core/Src/LoRa.o
 .debug_macro   0x000000000001df37      0xca5 ./Core/Src/LoRa.o
 .debug_macro   0x000000000001ebdc      0x9fe ./Core/Src/LoRa.o
 .debug_macro   0x000000000001f5da      0x115 ./Core/Src/LoRa.o
 .debug_macro   0x000000000001f6ef      0x156 ./Core/Src/LoRa.o
 .debug_macro   0x000000000001f845       0xa5 ./Core/Src/LoRa.o
 .debug_macro   0x000000000001f8ea      0x182 ./Core/Src/LoRa.o
 .debug_macro   0x000000000001fa6c      0x287 ./Core/Src/LoRa.o
 .debug_macro   0x000000000001fcf3       0x5f ./Core/Src/LoRa.o
 .debug_macro   0x000000000001fd52      0x236 ./Core/Src/LoRa.o
 .debug_macro   0x000000000001ff88      0x132 ./Core/Src/LoRa.o
 .debug_macro   0x00000000000200ba      0x41d ./Core/Src/LoRa.o
 .debug_macro   0x00000000000204d7       0x2e ./Core/Src/LoRa.o
 .debug_macro   0x0000000000020505      0x11a ./Core/Src/LoRa.o
 .debug_macro   0x000000000002061f       0xe2 ./Core/Src/LoRa.o
 .debug_macro   0x0000000000020701       0x89 ./Core/Src/LoRa.o
 .debug_macro   0x000000000002078a      0x225 ./Core/Src/LoRa.o
 .debug_macro   0x00000000000209af      0x8e6 ./Core/Src/LoRa.o
 .debug_macro   0x0000000000021295       0x47 ./Core/Src/LoRa.o
 .debug_macro   0x00000000000212dc      0x295 ./Core/Src/LoRa.o
 .debug_macro   0x0000000000021571      0x134 ./Core/Src/LoRa.o
 .debug_macro   0x00000000000216a5       0xc4 ./Core/Src/LoRa.o
 .debug_macro   0x0000000000021769      0x166 ./Core/Src/LoRa.o
 .debug_macro   0x00000000000218cf      0x1f6 ./Core/Src/LoRa_i.o
 .debug_macro   0x0000000000021ac5      0x166 ./Core/Src/LoRa_i.o
 .debug_macro   0x0000000000021c2b      0x1f6 ./Core/Src/LoRa_ii.o
 .debug_macro   0x0000000000021e21      0x166 ./Core/Src/LoRa_ii.o
 .debug_macro   0x0000000000021f87      0x1f6 ./Core/Src/LoRa_iii.o
 .debug_macro   0x000000000002217d      0x166 ./Core/Src/LoRa_iii.o
 .debug_macro   0x00000000000222e3      0x2ec ./Core/Src/freertos.o
 .debug_macro   0x00000000000225cf       0xf1 ./Core/Src/freertos.o
 .debug_macro   0x00000000000226c0      0x15a ./Core/Src/freertos.o
 .debug_macro   0x000000000002281a       0xde ./Core/Src/freertos.o
 .debug_macro   0x00000000000228f8       0x1c ./Core/Src/freertos.o
 .debug_macro   0x0000000000022914       0x26 ./Core/Src/freertos.o
 .debug_macro   0x000000000002293a       0x61 ./Core/Src/freertos.o
 .debug_macro   0x000000000002299b       0x2a ./Core/Src/freertos.o
 .debug_macro   0x00000000000229c5       0x43 ./Core/Src/freertos.o
 .debug_macro   0x0000000000022a08       0x34 ./Core/Src/freertos.o
 .debug_macro   0x0000000000022a3c       0x16 ./Core/Src/freertos.o
 .debug_macro   0x0000000000022a52       0x43 ./Core/Src/freertos.o
 .debug_macro   0x0000000000022a95       0x34 ./Core/Src/freertos.o
 .debug_macro   0x0000000000022ac9       0x10 ./Core/Src/freertos.o
 .debug_macro   0x0000000000022ad9       0x58 ./Core/Src/freertos.o
 .debug_macro   0x0000000000022b31       0x8e ./Core/Src/freertos.o
 .debug_macro   0x0000000000022bbf       0x1c ./Core/Src/freertos.o
 .debug_macro   0x0000000000022bdb      0x177 ./Core/Src/freertos.o
 .debug_macro   0x0000000000022d52       0x10 ./Core/Src/freertos.o
 .debug_macro   0x0000000000022d62       0x35 ./Core/Src/freertos.o
 .debug_macro   0x0000000000022d97      0x4fe ./Core/Src/freertos.o
 .debug_macro   0x0000000000023295       0xb5 ./Core/Src/freertos.o
 .debug_macro   0x000000000002334a       0xaa ./Core/Src/freertos.o
 .debug_macro   0x00000000000233f4      0x3ae ./Core/Src/main.o
 .debug_macro   0x00000000000237a2      0x16c ./Core/Src/main.o
 .debug_macro   0x000000000002390e      0x16c ./Core/Src/main.o
 .debug_macro   0x0000000000023a7a      0x16c ./Core/Src/main.o
 .debug_macro   0x0000000000023be6       0xf1 ./Core/Src/main.o
 .debug_macro   0x0000000000023cd7       0x91 ./Core/Src/main.o