../Core/Src/LoRa_i.c:8:8:newLoRa_i	72	static
../Core/Src/LoRa_i.c:31:6:LoRa_reset_i	16	static
../Core/Src/LoRa_i.c:49:6:LoRa_gotoMode_i	24	static
../Core/Src/LoRa_i.c:93:6:LoRa_read_iReg_i	24	static
../Core/Src/LoRa_i.c:119:6:LoRa_write_iReg_i	24	static
../Core/Src/LoRa_i.c:141:6:LoRa_setFrequency_i	24	static
../Core/Src/LoRa_i.c:173:6:LoRa_setSpreadingFactor_i	24	static
../Core/Src/LoRa_i.c:201:6:LoRa_setPower_i	16	static
../Core/Src/LoRa_i.c:217:6:LoRa_setOCP_i	24	static
../Core/Src/LoRa_i.c:245:6:LoRa_setTOMsb_setCRCon_i	24	static
../Core/Src/LoRa_i.c:266:9:LoRa_read_i	32	static
../Core/Src/LoRa_i.c:289:6:LoRa_write_i	32	static
../Core/Src/LoRa_i.c:311:6:LoRa_BurstWrite_i	32	static
../Core/Src/LoRa_i.c:339:9:LoRa_isvalid_i	16	static
../Core/Src/LoRa_i.c:356:9:LoRa_transmit_i	32	static
../Core/Src/LoRa_i.c:393:6:LoRa_startReceiving_i	16	static
../Core/Src/LoRa_i.c:409:9:LoRa_receive_i	48	static
../Core/Src/LoRa_i.c:442:5:LoRa_getRSSI_i	24	static
../Core/Src/LoRa_i.c:458:10:LoRa_init_i	24	static
