../Core/Src/main.c:55:5:main	176	static
../Core/Src/main.c:186:6:Task1_init	16	static
../Core/Src/main.c:196:6:Task2_init	16	static
../Core/Src/main.c:206:6:Task3_init	16	static
../Core/Src/main.c:216:6:Task4_init	16	static
../Core/Src/main.c:226:6:SystemClock_Config	88	static
../Core/Src/main.c:279:13:MX_SPI1_Init	8	static
../Core/Src/main.c:317:13:MX_SPI3_Init	8	static
../Core/Src/main.c:355:13:MX_SPI4_Init	8	static
../Core/Src/main.c:393:13:MX_SPI6_Init	8	static
../Core/Src/main.c:431:13:MX_USART3_UART_Init	8	static
../Core/Src/main.c:464:13:MX_GPIO_Init	64	static
../Core/Src/main.c:568:6:HAL_TIM_PeriodElapsedCallback	16	static
../Core/Src/main.c:585:6:Error_Handler	4	static,ignoring_inline_asm
